Component: ARM Compiler 5.06 update 6 (build 750) Tool: armlink [4d35ed]

==============================================================================

Section Cross References

    startup_fm33fh0xx.o(STACK) refers (Special) to heapauxi.o(.text) for __use_two_region_memory
    startup_fm33fh0xx.o(HEAP) refers (Special) to heapauxi.o(.text) for __use_two_region_memory
    startup_fm33fh0xx.o(RESET) refers (Special) to heapauxi.o(.text) for __use_two_region_memory
    startup_fm33fh0xx.o(RESET) refers to startup_fm33fh0xx.o(STACK) for __initial_sp
    startup_fm33fh0xx.o(RESET) refers to startup_fm33fh0xx.o(.text) for Reset_Handler
    startup_fm33fh0xx.o(RESET) refers to lptim16.o(i.MUX20_IRQHandler) for MUX20_IRQHandler
    startup_fm33fh0xx.o(.text) refers (Special) to heapauxi.o(.text) for __use_two_region_memory
    startup_fm33fh0xx.o(.text) refers to system_fm33fh0xx.o(i.SystemInit) for SystemInit
    startup_fm33fh0xx.o(.text) refers to __main.o(!!!main) for __main
    startup_fm33fh0xx.o(.text) refers to startup_fm33fh0xx.o(HEAP) for Heap_Mem
    startup_fm33fh0xx.o(.text) refers to startup_fm33fh0xx.o(STACK) for Stack_Mem
    main.o(i.main) refers to mf_config.o(i.MF_Clock_Init) for MF_Clock_Init
    main.o(i.main) refers to mf_config.o(i.MF_SystemClock_Config) for MF_SystemClock_Config
    main.o(i.main) refers to fm33fh0xx_fl.o(i.FL_Init) for FL_Init
    main.o(i.main) refers to mf_config.o(i.MF_Config_Init) for MF_Config_Init
    main.o(i.main) refers to lptim16.o(i.LPTIM16_TIMER_Init) for LPTIM16_TIMER_Init
    main.o(i.main) refers to lptim16.o(i.LPTIM16_Start) for LPTIM16_Start
    main.o(i.main) refers to fm33fh0xx_fl.o(i.FL_DelayMs) for FL_DelayMs
    main.o(i.main) refers to fm33fh0xx_fl_iwdt.o(i.IWDT_Clr) for IWDT_Clr
    lptim16.o(i.LPTIM16_TIMER_Init) refers to rt_memclr.o(.text) for __aeabi_memclr4
    lptim16.o(i.LPTIM16_TIMER_Init) refers to fm33fh0xx_fl_lptim16.o(i.FL_LPTIM16_StructInit) for FL_LPTIM16_StructInit
    lptim16.o(i.LPTIM16_TIMER_Init) refers to fm33fh0xx_fl_lptim16.o(i.FL_LPTIM16_Init) for FL_LPTIM16_Init
    lptim16.o(i.LPTIM16_TIMER_Init) refers to fm33fh0xx_fl.o(i.FL_NVIC_Init) for FL_NVIC_Init
    lptim16.o(i.MUX20_IRQHandler) refers to lptim16.o(i.LPTIM_IRQHandler) for LPTIM_IRQHandler
    system_fm33fh0xx.o(i.SystemCoreClockUpdate) refers to system_fm33fh0xx.o(i.__ARM_common_switch8) for __ARM_common_switch8
    system_fm33fh0xx.o(i.SystemCoreClockUpdate) refers to system_fm33fh0xx.o(i.SystemPLLClockUpdate) for SystemPLLClockUpdate
    system_fm33fh0xx.o(i.SystemCoreClockUpdate) refers to system_fm33fh0xx.o(.data) for .data
    system_fm33fh0xx.o(i.SystemInit) refers to system_fm33fh0xx.o(i.SystemCoreClockUpdate) for SystemCoreClockUpdate
    system_fm33fh0xx.o(i.SystemPLLClockUpdate) refers to system_fm33fh0xx.o(i.__ARM_common_switch8) for __ARM_common_switch8
    system_fm33fh0xx.o(i.SystemPLLClockUpdate) refers to aeabi_sdiv.o(.text) for __aeabi_uidivmod
    system_fm33fh0xx.o(i.SystemPLLClockUpdate) refers to system_fm33fh0xx.o(.data) for .data
    fm33fh0xx_fl.o(i.FL_DelayMs) refers to fm33fh0xx_fl.o(i.FL_DelayUs) for FL_DelayUs
    fm33fh0xx_fl.o(i.FL_DelayMsStart) refers to fm33fh0xx_fl.o(i.FL_DelayUsStart) for FL_DelayUsStart
    fm33fh0xx_fl.o(i.FL_DelayUs) refers to aeabi_sdiv.o(.text) for __aeabi_uidivmod
    fm33fh0xx_fl.o(i.FL_DelayUs) refers to system_fm33fh0xx.o(.data) for SystemCoreClock
    fm33fh0xx_fl.o(i.FL_DelayUsStart) refers to aeabi_sdiv.o(.text) for __aeabi_uidivmod
    fm33fh0xx_fl.o(i.FL_DelayUsStart) refers to system_fm33fh0xx.o(.data) for SystemCoreClock
    fm33fh0xx_fl.o(i.FL_Init) refers to fm33fh0xx_fl.o(i.FL_DelayInit) for FL_DelayInit
    fm33fh0xx_fl_adc.o(i.FL_ADC_Init) refers to fm33fh0xx_fl_adc.o(i.FL_ADC_IsActiveFlag_ACQEndOfConversion) for FL_ADC_IsActiveFlag_ACQEndOfConversion
    fm33fh0xx_fl_atim.o(i.FL_ATIM_ETR_Init) refers to fm33fh0xx_fl_atim.o(i.FL_CMU_EnableGroup4BusClock) for FL_CMU_EnableGroup4BusClock
    fm33fh0xx_fl_atim.o(i.FL_ATIM_IC_Init) refers to fm33fh0xx_fl_atim.o(i.FL_CMU_EnableGroup4BusClock) for FL_CMU_EnableGroup4BusClock
    fm33fh0xx_fl_atim.o(i.FL_ATIM_IC_Init) refers to fm33fh0xx_fl_atim.o(i.FL_ATIM_CC_SetChannelMode) for FL_ATIM_CC_SetChannelMode
    fm33fh0xx_fl_atim.o(i.FL_ATIM_Init) refers to fm33fh0xx_fl_atim.o(i.FL_CMU_EnableGroup4BusClock) for FL_CMU_EnableGroup4BusClock
    fm33fh0xx_fl_atim.o(i.FL_ATIM_OC_Init) refers to fm33fh0xx_fl_atim.o(i.FL_ATIM_CC_SetChannelMode) for FL_ATIM_CC_SetChannelMode
    fm33fh0xx_fl_atim.o(i.FL_ATIM_OC_Init) refers to fm33fh0xx_fl_atim.o(i.OCConfig) for OCConfig
    fm33fh0xx_fl_atim.o(i.FL_ATIM_SlaveMode_Init) refers to fm33fh0xx_fl_atim.o(i.FL_CMU_EnableGroup4BusClock) for FL_CMU_EnableGroup4BusClock
    fm33fh0xx_fl_atim.o(i.OCConfig) refers to system_fm33fh0xx.o(i.__ARM_common_switch8) for __ARM_common_switch8
[...]
    fm33fh0xx_fl_flash.o(i.FL_FLASH_CodePageErase) refers to fm33fh0xx_fl_flash.o(i.FL_CMU_EnableOperationClock) for FL_CMU_EnableOperationClock
    fm33fh0xx_fl_flash.o(i.FL_FLASH_CodePageErase) refers to fm33fh0xx_fl_flash.o(i.FL_FLASH_EnableEraseInCodeFLASH) for FL_FLASH_EnableEraseInCodeFLASH
    fm33fh0xx_fl_flash.o(i.FL_FLASH_CodePageErase) refers to fm33fh0xx_fl_flash.o(i.FL_CMU_DisableOperationClock) for FL_CMU_DisableOperationClock
    fm33fh0xx_fl_flash.o(i.FL_FLASH_CodeProgram_Page) refers to fm33fh0xx_fl_flash.o(i.FL_CMU_EnableGroup2BusClock) for FL_CMU_EnableGroup2BusClock
    fm33fh0xx_fl_flash.o(i.FL_FLASH_CodeProgram_Page) refers to fm33fh0xx_fl_flash.o(i.FL_CMU_DisableGroup2BusClock) for FL_CMU_DisableGroup2BusClock
    fm33fh0xx_fl_flash.o(i.FL_FLASH_CodeProgram_Page) refers to fm33fh0xx_fl_flash.o(i.FL_CMU_EnableOperationClock) for FL_CMU_EnableOperationClock
    fm33fh0xx_fl_flash.o(i.FL_FLASH_CodeProgram_Page) refers to fm33fh0xx_fl_flash.o(i.FL_FLASH_EnableProgramInCodeFLASH) for FL_FLASH_EnableProgramInCodeFLASH
    fm33fh0xx_fl_flash.o(i.FL_FLASH_CodeProgram_Page) refers to fm33fh0xx_fl_flash.o(i.FL_CMU_DisableOperationClock) for FL_CMU_DisableOperationClock
    fm33fh0xx_fl_flash.o(i.FL_FLASH_CodeProgram_Sector) refers to fm33fh0xx_fl_flash.o(i.FL_CMU_EnableGroup2BusClock) for FL_CMU_EnableGroup2BusClock
    fm33fh0xx_fl_flash.o(i.FL_FLASH_CodeProgram_Sector) refers to fm33fh0xx_fl_flash.o(i.FL_CMU_DisableGroup2BusClock) for FL_CMU_DisableGroup2BusClock
    fm33fh0xx_fl_flash.o(i.FL_FLASH_CodeProgram_Sector) refers to fm33fh0xx_fl_flash.o(i.FL_CMU_EnableOperationClock) for FL_CMU_EnableOperationClock
    fm33fh0xx_fl_flash.o(i.FL_FLASH_CodeProgram_Sector) refers to fm33fh0xx_fl_flash.o(i.FL_FLASH_EnableProgramInCodeFLASH) for FL_FLASH_EnableProgramInCodeFLASH
    fm33fh0xx_fl_flash.o(i.FL_FLASH_CodeProgram_Sector) refers to fm33fh0xx_fl_flash.o(i.FL_CMU_DisableOperationClock) for FL_CMU_DisableOperationClock
    fm33fh0xx_fl_flash.o(i.FL_FLASH_CodeProgram_Word) refers to fm33fh0xx_fl_flash.o(i.FL_CMU_EnableGroup2BusClock) for FL_CMU_EnableGroup2BusClock
    fm33fh0xx_fl_flash.o(i.FL_FLASH_CodeProgram_Word) refers to fm33fh0xx_fl_flash.o(i.FL_CMU_DisableGroup2BusClock) for FL_CMU_DisableGroup2BusClock
    fm33fh0xx_fl_flash.o(i.FL_FLASH_CodeProgram_Word) refers to fm33fh0xx_fl_flash.o(i.FL_CMU_EnableOperationClock) for FL_CMU_EnableOperationClock
    fm33fh0xx_fl_flash.o(i.FL_FLASH_CodeProgram_Word) refers to fm33fh0xx_fl_flash.o(i.FL_FLASH_EnableProgramInCodeFLASH) for FL_FLASH_EnableProgramInCodeFLASH
    fm33fh0xx_fl_flash.o(i.FL_FLASH_CodeProgram_Word) refers to fm33fh0xx_fl_flash.o(i.FL_CMU_DisableOperationClock) for FL_CMU_DisableOperationClock
    fm33fh0xx_fl_flash.o(i.FL_FLASH_CodeSectorErase) refers to fm33fh0xx_fl_flash.o(i.FL_CMU_EnableGroup2BusClock) for FL_CMU_EnableGroup2BusClock
    fm33fh0xx_fl_flash.o(i.FL_FLASH_CodeSectorErase) refers to fm33fh0xx_fl_flash.o(i.FL_CMU_DisableGroup2BusClock) for FL_CMU_DisableGroup2BusClock
    fm33fh0xx_fl_flash.o(i.FL_FLASH_CodeSectorErase) refers to fm33fh0xx_fl_flash.o(i.FL_CMU_EnableOperationClock) for FL_CMU_EnableOperationClock
    fm33fh0xx_fl_flash.o(i.FL_FLASH_CodeSectorErase) refers to fm33fh0xx_fl_flash.o(i.FL_FLASH_EnableEraseInCodeFLASH) for FL_FLASH_EnableEraseInCodeFLASH
    fm33fh0xx_fl_flash.o(i.FL_FLASH_CodeSectorErase) refers to fm33fh0xx_fl_flash.o(i.FL_CMU_DisableOperationClock) for FL_CMU_DisableOperationClock
    fm33fh0xx_fl_flash.o(i.FL_FLASH_DataPageErase) refers to fm33fh0xx_fl_flash.o(i.FL_CMU_EnableGroup2BusClock) for FL_CMU_EnableGroup2BusClock
    fm33fh0xx_fl_flash.o(i.FL_FLASH_DataPageErase) refers to fm33fh0xx_fl_flash.o(i.FL_CMU_DisableGroup2BusClock) for FL_CMU_DisableGroup2BusClock
    fm33fh0xx_fl_flash.o(i.FL_FLASH_DataPageErase) refers to fm33fh0xx_fl_flash.o(i.FL_CMU_EnableOperationClock) for FL_CMU_EnableOperationClock
    fm33fh0xx_fl_flash.o(i.FL_FLASH_DataPageErase) refers to fm33fh0xx_fl_flash.o(i.FL_FLASH_EnableEraseInDataFLASH) for FL_FLASH_EnableEraseInDataFLASH
    fm33fh0xx_fl_flash.o(i.FL_FLASH_DataPageErase) refers to fm33fh0xx_fl_flash.o(i.FL_CMU_DisableOperationClock) for FL_CMU_DisableOperationClock
    fm33fh0xx_fl_flash.o(i.FL_FLASH_DataProgram_Page) refers to fm33fh0xx_fl_flash.o(i.FL_CMU_EnableGroup2BusClock) for FL_CMU_EnableGroup2BusClock
    fm33fh0xx_fl_flash.o(i.FL_FLASH_DataProgram_Page) refers to fm33fh0xx_fl_flash.o(i.FL_CMU_DisableGroup2BusClock) for FL_CMU_DisableGroup2BusClock
    fm33fh0xx_fl_flash.o(i.FL_FLASH_DataProgram_Page) refers to fm33fh0xx_fl_flash.o(i.FL_CMU_EnableOperationClock) for FL_CMU_EnableOperationClock
    fm33fh0xx_fl_flash.o(i.FL_FLASH_DataProgram_Page) refers to fm33fh0xx_fl_flash.o(i.FL_FLASH_EnableProgramInDataFLASH) for FL_FLASH_EnableProgramInDataFLASH
    fm33fh0xx_fl_flash.o(i.FL_FLASH_DataProgram_Page) refers to fm33fh0xx_fl_flash.o(i.FL_CMU_DisableOperationClock) for FL_CMU_DisableOperationClock
    fm33fh0xx_fl_flash.o(i.FL_FLASH_DataProgram_Sector) refers to fm33fh0xx_fl_flash.o(i.FL_CMU_EnableGroup2BusClock) for FL_CMU_EnableGroup2BusClock
    fm33fh0xx_fl_flash.o(i.FL_FLASH_DataProgram_Sector) refers to fm33fh0xx_fl_flash.o(i.FL_CMU_DisableGroup2BusClock) for FL_CMU_DisableGroup2BusClock
    fm33fh0xx_fl_flash.o(i.FL_FLASH_DataProgram_Sector) refers to fm33fh0xx_fl_flash.o(i.FL_CMU_EnableOperationClock) for FL_CMU_EnableOperationClock
    fm33fh0xx_fl_flash.o(i.FL_FLASH_DataProgram_Sector) refers to fm33fh0xx_fl_flash.o(i.FL_FLASH_EnableProgramInDataFLASH) for FL_FLASH_EnableProgramInDataFLASH
    fm33fh0xx_fl_flash.o(i.FL_FLASH_DataProgram_Sector) refers to fm33fh0xx_fl_flash.o(i.FL_CMU_DisableOperationClock) for FL_CMU_DisableOperationClock
    fm33fh0xx_fl_flash.o(i.FL_FLASH_DataProgram_Word) refers to fm33fh0xx_fl_flash.o(i.FL_CMU_EnableGroup2BusClock) for FL_CMU_EnableGroup2BusClock
    fm33fh0xx_fl_flash.o(i.FL_FLASH_DataProgram_Word) refers to fm33fh0xx_fl_flash.o(i.FL_CMU_DisableGroup2BusClock) for FL_CMU_DisableGroup2BusClock
    fm33fh0xx_fl_flash.o(i.FL_FLASH_DataProgram_Word) refers to fm33fh0xx_fl_flash.o(i.FL_CMU_EnableOperationClock) for FL_CMU_EnableOperationClock
    fm33fh0xx_fl_flash.o(i.FL_FLASH_DataProgram_Word) refers to fm33fh0xx_fl_flash.o(i.FL_FLASH_EnableProgramInDataFLASH) for FL_FLASH_EnableProgramInDataFLASH
    fm33fh0xx_fl_flash.o(i.FL_FLASH_DataProgram_Word) refers to fm33fh0xx_fl_flash.o(i.FL_CMU_DisableOperationClock) for FL_CMU_DisableOperationClock
    fm33fh0xx_fl_flash.o(i.FL_FLASH_DataSectorErase) refers to fm33fh0xx_fl_flash.o(i.FL_CMU_EnableGroup2BusClock) for FL_CMU_EnableGroup2BusClock
    fm33fh0xx_fl_flash.o(i.FL_FLASH_DataSectorErase) refers to fm33fh0xx_fl_flash.o(i.FL_CMU_DisableGroup2BusClock) for FL_CMU_DisableGroup2BusClock
    fm33fh0xx_fl_flash.o(i.FL_FLASH_DataSectorErase) refers to fm33fh0xx_fl_flash.o(i.FL_CMU_EnableOperationClock) for FL_CMU_EnableOperationClock
    fm33fh0xx_fl_flash.o(i.FL_FLASH_DataSectorErase) refers to fm33fh0xx_fl_flash.o(i.FL_FLASH_EnableEraseInDataFLASH) for FL_FLASH_EnableEraseInDataFLASH
    fm33fh0xx_fl_flash.o(i.FL_FLASH_DataSectorErase) refers to fm33fh0xx_fl_flash.o(i.FL_CMU_DisableOperationClock) for FL_CMU_DisableOperationClock
    __main.o(!!!main) refers to __rtentry.o(.ARM.Collect$$rtentry$$00000000) for __rt_entry
    __rtentry.o(.ARM.Collect$$rtentry$$00000000) refers (Special) to __rtentry2.o(.ARM.Collect$$rtentry$$0000000A) for __rt_entry_li
    __rtentry.o(.ARM.Collect$$rtentry$$00000000) refers (Special) to __rtentry2.o(.ARM.Collect$$rtentry$$0000000D) for __rt_entry_main
    __rtentry.o(.ARM.Collect$$rtentry$$00000000) refers (Special) to __rtentry2.o(.ARM.Collect$$rtentry$$0000000C) for __rt_entry_postli_1
    __rtentry.o(.ARM.Collect$$rtentry$$00000000) refers (Special) to __rtentry2.o(.ARM.Collect$$rtentry$$00000009) for __rt_entry_postsh_1
    __rtentry.o(.ARM.Collect$$rtentry$$00000000) refers (Special) to __rtentry2.o(.ARM.Collect$$rtentry$$00000002) for __rt_entry_presh_1
    __rtentry.o(.ARM.Collect$$rtentry$$00000000) refers (Special) to __rtentry4.o(.ARM.Collect$$rtentry$$00000004) for __rt_entry_sh
    aeabi_idiv0_sigfpe.o(.text) refers to rt_div0.o(.text) for __rt_div0
    __rtentry2.o(.ARM.Collect$$rtentry$$00000008) refers to boardinit2.o(.text) for _platform_post_stackheap_init
    __rtentry2.o(.ARM.Collect$$rtentry$$0000000A) refers to libinit.o(.ARM.Collect$$libinit$$00000000) for __rt_lib_init
    __rtentry2.o(.ARM.Collect$$rtentry$$0000000B) refers to boardinit3.o(.text) for _platform_post_lib_init
    __rtentry2.o(.ARM.Collect$$rtentry$$0000000D) refers to main.o(i.main) for main
    __rtentry2.o(.ARM.Collect$$rtentry$$0000000D) refers to exit.o(.text) for exit
    __rtentry2.o(.ARM.exidx) refers to __rtentry2.o(.ARM.Collect$$rtentry$$00000001) for .ARM.Collect$$rtentry$$00000001
    __rtentry2.o(.ARM.exidx) refers to __rtentry2.o(.ARM.Collect$$rtentry$$00000008) for .ARM.Collect$$rtentry$$00000008
    __rtentry2.o(.ARM.exidx) refers to __rtentry2.o(.ARM.Collect$$rtentry$$0000000A) for .ARM.Collect$$rtentry$$0000000A
    __rtentry2.o(.ARM.exidx) refers to __rtentry2.o(.ARM.Collect$$rtentry$$0000000B) for .ARM.Collect$$rtentry$$0000000B
    __rtentry2.o(.ARM.exidx) refers to __rtentry2.o(.ARM.Collect$$rtentry$$0000000D) for .ARM.Collect$$rtentry$$0000000D
    __rtentry4.o(.ARM.Collect$$rtentry$$00000004) refers to sys_stackheap_outer.o(.text) for __user_setup_stackheap
    __rtentry4.o(.ARM.exidx) refers to __rtentry4.o(.ARM.Collect$$rtentry$$00000004) for .ARM.Collect$$rtentry$$00000004
    rt_div0.o(.text) refers to defsig_fpe_outer.o(.text) for __rt_SIGFPE
    sys_stackheap_outer.o(.text) refers to libspace.o(.text) for __user_perproc_libspace
    sys_stackheap_outer.o(.text) refers to startup_fm33fh0xx.o(.text) for __user_initial_stackheap
    sys_stackheap_outer.o(__vectab_stack_and_reset_area) refers to tempstk.o(.text) for __temporary_stack_top
    sys_stackheap_outer.o(__vectab_stack_and_reset_area) refers to __main.o(!!!main) for __main
    exit.o(.text) refers to rtexit.o(.ARM.Collect$$rtexit$$00000000) for __rt_exit
    defsig_fpe_outer.o(.text) refers to defsig_fpe_inner.o(.text) for __rt_SIGFPE_inner
    defsig_fpe_outer.o(.text) refers to defsig_exit.o(.text) for __sig_exit
    defsig_fpe_formal.o(.text) refers to rt_raise.o(.text) for __rt_raise
    libinit.o(.ARM.Collect$$libinit$$00000000) refers (Special) to libinit2.o(.ARM.Collect$$libinit$$0000002E) for __rt_lib_init_alloca_1
    libinit.o(.ARM.Collect$$libinit$$00000000) refers (Special) to libinit2.o(.ARM.Collect$$libinit$$0000002C) for __rt_lib_init_argv_1
    libinit.o(.ARM.Collect$$libinit$$00000000) refers (Special) to libinit2.o(.ARM.Collect$$libinit$$0000001B) for __rt_lib_init_atexit_1
    libinit.o(.ARM.Collect$$libinit$$00000000) refers (Special) to libinit2.o(.ARM.Collect$$libinit$$00000021) for __rt_lib_init_clock_1
    libinit.o(.ARM.Collect$$libinit$$00000000) refers (Special) to libinit2.o(.ARM.Collect$$libinit$$00000032) for __rt_lib_init_cpp_1
    libinit.o(.ARM.Collect$$libinit$$00000000) refers (Special) to libinit2.o(.ARM.Collect$$libinit$$00000030) for __rt_lib_init_exceptions_1
    libinit.o(.ARM.Collect$$libinit$$00000000) refers (Special) to libinit2.o(.ARM.Collect$$libinit$$00000002) for __rt_lib_init_fp_1
    libinit.o(.ARM.Collect$$libinit$$00000000) refers (Special) to libinit2.o(.ARM.Collect$$libinit$$0000001F) for __rt_lib_init_fp_trap_1
    libinit.o(.ARM.Collect$$libinit$$00000000) refers (Special) to libinit2.o(.ARM.Collect$$libinit$$00000023) for __rt_lib_init_getenv_1
    libinit.o(.ARM.Collect$$libinit$$00000000) refers (Special) to libinit2.o(.ARM.Collect$$libinit$$0000000A) for __rt_lib_init_heap_1
    libinit.o(.ARM.Collect$$libinit$$00000000) refers (Special) to libinit2.o(.ARM.Collect$$libinit$$00000011) for __rt_lib_init_lc_collate_1
    libinit.o(.ARM.Collect$$libinit$$00000000) refers (Special) to libinit2.o(.ARM.Collect$$libinit$$00000013) for __rt_lib_init_lc_ctype_1
    libinit.o(.ARM.Collect$$libinit$$00000000) refers (Special) to libinit2.o(.ARM.Collect$$libinit$$00000015) for __rt_lib_init_lc_monetary_1
    libinit.o(.ARM.Collect$$libinit$$00000000) refers (Special) to libinit2.o(.ARM.Collect$$libinit$$00000017) for __rt_lib_init_lc_numeric_1
    libinit.o(.ARM.Collect$$libinit$$00000000) refers (Special) to libinit2.o(.ARM.Collect$$libinit$$00000019) for __rt_lib_init_lc_time_1
    libinit.o(.ARM.Collect$$libinit$$00000000) refers (Special) to libinit2.o(.ARM.Collect$$libinit$$00000004) for __rt_lib_init_preinit_1
    libinit.o(.ARM.Collect$$libinit$$00000000) refers (Special) to libinit2.o(.ARM.Collect$$libinit$$0000000E) for __rt_lib_init_rand_1
    libinit.o(.ARM.Collect$$libinit$$00000000) refers (Special) to libinit2.o(.ARM.Collect$$libinit$$00000033) for __rt_lib_init_return
    libinit.o(.ARM.Collect$$libinit$$00000000) refers (Special) to libinit2.o(.ARM.Collect$$libinit$$0000001D) for __rt_lib_init_signal_1
    libinit.o(.ARM.Collect$$libinit$$00000000) refers (Special) to libinit2.o(.ARM.Collect$$libinit$$00000025) for __rt_lib_init_stdio_1
    libinit.o(.ARM.Collect$$libinit$$00000000) refers (Special) to libinit2.o(.ARM.Collect$$libinit$$0000000C) for __rt_lib_init_user_alloc_1
    libspace.o(.text) refers to libspace.o(.bss) for __libspace_start
    rtexit.o(.ARM.Collect$$rtexit$$00000000) refers (Special) to rtexit2.o(.ARM.Collect$$rtexit$$00000004) for __rt_exit_exit
    rtexit.o(.ARM.Collect$$rtexit$$00000000) refers (Special) to rtexit2.o(.ARM.Collect$$rtexit$$00000003) for __rt_exit_ls
    rtexit.o(.ARM.Collect$$rtexit$$00000000) refers (Special) to rtexit2.o(.ARM.Collect$$rtexit$$00000002) for __rt_exit_prels_1
    rtexit.o(.ARM.exidx) refers (Special) to rtexit2.o(.ARM.Collect$$rtexit$$00000004) for __rt_exit_exit
    rtexit.o(.ARM.exidx) refers (Special) to rtexit2.o(.ARM.Collect$$rtexit$$00000003) for __rt_exit_ls
    rtexit.o(.ARM.exidx) refers (Special) to rtexit2.o(.ARM.Collect$$rtexit$$00000002) for __rt_exit_prels_1
    rtexit.o(.ARM.exidx) refers to rtexit.o(.ARM.Collect$$rtexit$$00000000) for .ARM.Collect$$rtexit$$00000000
    rt_raise.o(.text) refers to __raise.o(.text) for __raise
    rt_raise.o(.text) refers to sys_exit.o(.text) for _sys_exit
    defsig_exit.o(.text) refers to sys_exit.o(.text) for _sys_exit
    defsig_fpe_inner.o(.text) refers to defsig_general.o(.text) for __default_signal_display
    libinit2.o(.ARM.Collect$$libinit$$00000010) refers to libinit2.o(.ARM.Collect$$libinit$$0000000F) for .ARM.Collect$$libinit$$0000000F
    libinit2.o(.ARM.Collect$$libinit$$00000012) refers to libinit2.o(.ARM.Collect$$libinit$$0000000F) for .ARM.Collect$$libinit$$0000000F
    libinit2.o(.ARM.Collect$$libinit$$00000014) refers to libinit2.o(.ARM.Collect$$libinit$$0000000F) for .ARM.Collect$$libinit$$0000000F
    libinit2.o(.ARM.Collect$$libinit$$00000016) refers to libinit2.o(.ARM.Collect$$libinit$$0000000F) for .ARM.Collect$$libinit$$0000000F
    libinit2.o(.ARM.Collect$$libinit$$00000018) refers to libinit2.o(.ARM.Collect$$libinit$$0000000F) for .ARM.Collect$$libinit$$0000000F
    libinit2.o(.ARM.Collect$$libinit$$00000026) refers to argv_veneer.o(.text) for __ARM_argv_veneer
    libinit2.o(.ARM.Collect$$libinit$$00000027) refers to argv_veneer.o(.text) for __ARM_argv_veneer
    sys_exit.o(.text) refers (Special) to use_no_semi.o(.text) for __I$use$semihosting
    sys_exit.o(.text) refers (Special) to indicate_semi.o(.text) for __semihosting_library_function
    rtexit2.o(.ARM.Collect$$rtexit$$00000003) refers to libshutdown.o(.ARM.Collect$$libshutdown$$00000000) for __rt_lib_shutdown
    rtexit2.o(.ARM.Collect$$rtexit$$00000004) refers to sys_exit.o(.text) for _sys_exit
    rtexit2.o(.ARM.exidx) refers to rtexit2.o(.ARM.Collect$$rtexit$$00000001) for .ARM.Collect$$rtexit$$00000001
    rtexit2.o(.ARM.exidx) refers to rtexit2.o(.ARM.Collect$$rtexit$$00000003) for .ARM.Collect$$rtexit$$00000003
    rtexit2.o(.ARM.exidx) refers to rtexit2.o(.ARM.Collect$$rtexit$$00000004) for .ARM.Collect$$rtexit$$00000004
    __raise.o(.text) refers to defsig.o(CL$$defsig) for __default_signal_handler
    defsig_general.o(.text) refers to sys_wrch.o(.text) for _ttywrch
    sys_wrch.o(.text) refers (Special) to use_no_semi.o(.text) for __I$use$semihosting
    sys_wrch.o(.text) refers (Special) to indicate_semi.o(.text) for __semihosting_library_function
    defsig.o(CL$$defsig) refers to defsig_fpe_inner.o(.text) for __rt_SIGFPE_inner
    defsig.o(CL$$defsig) refers to defsig_rtmem_inner.o(.text) for __rt_SIGRTMEM_inner
    _get_argv_nomalloc.o(.text) refers (Special) to hrguard.o(.text) for __heap_region$guard
    _get_argv_nomalloc.o(.text) refers to defsig_rtmem_outer.o(.text) for __rt_SIGRTMEM
    _get_argv_nomalloc.o(.text) refers to sys_command.o(.text) for _sys_command_string
    libshutdown.o(.ARM.Collect$$libshutdown$$00000000) refers (Special) to libshutdown2.o(.ARM.Collect$$libshutdown$$00000002) for __rt_lib_shutdown_cpp_1
    libshutdown.o(.ARM.Collect$$libshutdown$$00000000) refers (Special) to libshutdown2.o(.ARM.Collect$$libshutdown$$00000007) for __rt_lib_shutdown_fp_trap_1
    libshutdown.o(.ARM.Collect$$libshutdown$$00000000) refers (Special) to libshutdown2.o(.ARM.Collect$$libshutdown$$0000000F) for __rt_lib_shutdown_heap_1
    libshutdown.o(.ARM.Collect$$libshutdown$$00000000) refers (Special) to libshutdown2.o(.ARM.Collect$$libshutdown$$00000010) for __rt_lib_shutdown_return
    libshutdown.o(.ARM.Collect$$libshutdown$$00000000) refers (Special) to libshutdown2.o(.ARM.Collect$$libshutdown$$0000000A) for __rt_lib_shutdown_signal_1
    libshutdown.o(.ARM.Collect$$libshutdown$$00000000) refers (Special) to libshutdown2.o(.ARM.Collect$$libshutdown$$00000004) for __rt_lib_shutdown_stdio_1
    libshutdown.o(.ARM.Collect$$libshutdown$$00000000) refers (Special) to libshutdown2.o(.ARM.Collect$$libshutdown$$0000000C) for __rt_lib_shutdown_user_alloc_1
    sys_command.o(.text) refers (Special) to use_no_semi.o(.text) for __I$use$semihosting
    sys_command.o(.text) refers (Special) to indicate_semi.o(.text) for __semihosting_library_function
    defsig_abrt_inner.o(.text) refers to defsig_general.o(.text) for __default_signal_display
    defsig_rtred_inner.o(.text) refers to defsig_general.o(.text) for __default_signal_display
    defsig_rtmem_inner.o(.text) refers to defsig_general.o(.text) for __default_signal_display
    defsig_rtmem_outer.o(.text) refers to defsig_rtmem_inner.o(.text) for __rt_SIGRTMEM_inner
    defsig_rtmem_outer.o(.text) refers to defsig_exit.o(.text) for __sig_exit
    defsig_rtmem_formal.o(.text) refers to rt_raise.o(.text) for __rt_raise
    defsig_stak_inner.o(.text) refers to defsig_general.o(.text) for __default_signal_display
    defsig_pvfn_inner.o(.text) refers to defsig_general.o(.text) for __default_signal_display
    defsig_cppl_inner.o(.text) refers to defsig_general.o(.text) for __default_signal_display
    defsig_segv_inner.o(.text) refers to defsig_general.o(.text) for __default_signal_display
    defsig_other.o(.text) refers to defsig_general.o(.text) for __default_signal_display


==============================================================================

Removing Unused input sections from the image.

    Removing mf_config.o(.rev16_text), (4 bytes).
    Removing mf_config.o(.revsh_text), (4 bytes).
    Removing mf_config.o(i.Error_Handler), (2 bytes).
    Removing mf_config.o(i.assert_failed), (2 bytes).
    Removing main.o(.rev16_text), (4 bytes).
    Removing main.o(.revsh_text), (4 bytes).
    Removing lptim16.o(.rev16_text), (4 bytes).
    Removing lptim16.o(.revsh_text), (4 bytes).
    Removing system_fm33fh0xx.o(.rev16_text), (4 bytes).
    Removing system_fm33fh0xx.o(.revsh_text), (4 bytes).
    Removing system_fm33fh0xx.o(.data), (4 bytes).
    Removing fm33fh0xx_fl.o(.rev16_text), (4 bytes).
    Removing fm33fh0xx_fl.o(.revsh_text), (4 bytes).
    Removing fm33fh0xx_fl.o(i.FL_DelayEnd), (20 bytes).
    Removing fm33fh0xx_fl.o(i.FL_DelayMsStart), (14 bytes).
    Removing fm33fh0xx_fl.o(i.FL_DelayUsStart), (68 bytes).
    Removing fm33fh0xx_fl_adc.o(.rev16_text), (4 bytes).
    Removing fm33fh0xx_fl_adc.o(.revsh_text), (4 bytes).
    Removing fm33fh0xx_fl_adc.o(i.FL_ADC_CommonDeInit), (20 bytes).
    Removing fm33fh0xx_fl_adc.o(i.FL_ADC_CommonInit), (124 bytes).
    Removing fm33fh0xx_fl_adc.o(i.FL_ADC_CommonStructInit), (54 bytes).
    Removing fm33fh0xx_fl_adc.o(i.FL_ADC_DeInit), (72 bytes).
    Removing fm33fh0xx_fl_adc.o(i.FL_ADC_Init), (900 bytes).
    Removing fm33fh0xx_fl_adc.o(i.FL_ADC_IsActiveFlag_ACQEndOfConversion), (16 bytes).
    Removing fm33fh0xx_fl_adc.o(i.FL_ADC_StructInit), (52 bytes).
    Removing fm33fh0xx_fl_atim.o(.rev16_text), (4 bytes).
    Removing fm33fh0xx_fl_atim.o(.revsh_text), (4 bytes).
    Removing fm33fh0xx_fl_atim.o(i.FL_ATIM_BDTR_Init), (460 bytes).
    Removing fm33fh0xx_fl_atim.o(i.FL_ATIM_BDTR_StructInit), (24 bytes).
    Removing fm33fh0xx_fl_atim.o(i.FL_ATIM_CC_SetChannelMode), (42 bytes).
    Removing fm33fh0xx_fl_atim.o(i.FL_ATIM_DeInit), (56 bytes).
    Removing fm33fh0xx_fl_atim.o(i.FL_ATIM_ETRStructInit), (12 bytes).
    Removing fm33fh0xx_fl_atim.o(i.FL_ATIM_ETR_Init), (246 bytes).
    Removing fm33fh0xx_fl_atim.o(i.FL_ATIM_IC_Init), (300 bytes).
    Removing fm33fh0xx_fl_atim.o(i.FL_ATIM_IC_StructInit), (16 bytes).
    Removing fm33fh0xx_fl_atim.o(i.FL_ATIM_Init), (240 bytes).
    Removing fm33fh0xx_fl_atim.o(i.FL_ATIM_OC_Init), (384 bytes).
    Removing fm33fh0xx_fl_atim.o(i.FL_ATIM_OC_StructInit), (24 bytes).
    Removing fm33fh0xx_fl_atim.o(i.FL_ATIM_SlaveModeStructInit), (12 bytes).
    Removing fm33fh0xx_fl_atim.o(i.FL_ATIM_SlaveMode_Init), (300 bytes).
    Removing fm33fh0xx_fl_atim.o(i.FL_ATIM_StructInit), (24 bytes).
    Removing fm33fh0xx_fl_atim.o(i.FL_CMU_EnableGroup4BusClock), (16 bytes).
    Removing fm33fh0xx_fl_atim.o(i.OCConfig), (504 bytes).
    Removing fm33fh0xx_fl_bstim16.o(.rev16_text), (4 bytes).
    Removing fm33fh0xx_fl_bstim16.o(.revsh_text), (4 bytes).
    Removing fm33fh0xx_fl_bstim16.o(i.FL_BSTIM16_DeInit), (76 bytes).
    Removing fm33fh0xx_fl_bstim16.o(i.FL_BSTIM16_Init), (212 bytes).
    Removing fm33fh0xx_fl_bstim16.o(i.FL_BSTIM16_StructInit), (20 bytes).
    Removing fm33fh0xx_fl_canfd.o(.rev16_text), (4 bytes).
    Removing fm33fh0xx_fl_canfd.o(.revsh_text), (4 bytes).
    Removing fm33fh0xx_fl_canfd.o(i.FL_CANFD_Global_Disable_GAFLRxFIFOReception), (20 bytes).
    Removing fm33fh0xx_fl_canfd.o(i.FL_CANFD_Global_Enable_GAFLRxFIFOReception), (20 bytes).
    Removing fm33fh0xx_fl_canfd.o(i.FL_CANFD_Init), (2602 bytes).
    Removing fm33fh0xx_fl_canfd.o(i.FL_CANFD_StructInit), (208 bytes).
    Removing fm33fh0xx_fl_canfd.o(.constdata), (4 bytes).
    Removing fm33fh0xx_fl_canfd.o(.constdata), (32 bytes).
    Removing fm33fh0xx_fl_clm.o(.rev16_text), (4 bytes).
    Removing fm33fh0xx_fl_clm.o(.revsh_text), (4 bytes).
    Removing fm33fh0xx_fl_clm.o(i.FL_CLM_DeInit), (164 bytes).
    Removing fm33fh0xx_fl_clm.o(i.FL_CLM_Init), (212 bytes).
    Removing fm33fh0xx_fl_clm.o(i.FL_RMU_EnableResetAPBPeripheral), (28 bytes).
    Removing fm33fh0xx_fl_cmu.o(.rev16_text), (4 bytes).
    Removing fm33fh0xx_fl_cmu.o(.revsh_text), (4 bytes).
    Removing fm33fh0xx_fl_cmu.o(i.FL_CMU_GetAHBClockFreq), (96 bytes).
    Removing fm33fh0xx_fl_cmu.o(i.FL_CMU_GetAPB1ClockFreq), (96 bytes).
    Removing fm33fh0xx_fl_cmu.o(i.FL_CMU_GetAPB2ClockFreq), (48 bytes).
    Removing fm33fh0xx_fl_cmu.o(i.FL_CMU_GetPLLClockFreq), (120 bytes).
    Removing fm33fh0xx_fl_cmu.o(i.FL_CMU_GetRCHFClockFreq), (60 bytes).
    Removing fm33fh0xx_fl_cmu.o(i.FL_CMU_GetSystemClockFreq), (64 bytes).
    Removing fm33fh0xx_fl_comp.o(.rev16_text), (4 bytes).
    Removing fm33fh0xx_fl_comp.o(.revsh_text), (4 bytes).
    Removing fm33fh0xx_fl_comp.o(i.FL_COMP_DeInit), (36 bytes).
    Removing fm33fh0xx_fl_comp.o(i.FL_COMP_Init), (492 bytes).
    Removing fm33fh0xx_fl_comp.o(i.FL_COMP_StructInit), (22 bytes).
    Removing fm33fh0xx_fl_dac.o(.rev16_text), (4 bytes).
    Removing fm33fh0xx_fl_dac.o(.revsh_text), (4 bytes).
    Removing fm33fh0xx_fl_dac.o(i.FL_DAC_DeInit), (56 bytes).
    Removing fm33fh0xx_fl_dac.o(i.FL_DAC_Init), (352 bytes).
    Removing fm33fh0xx_fl_dac.o(i.FL_DAC_StructInit), (18 bytes).
    Removing fm33fh0xx_fl_dac.o(i.FL_RMU_DisableResetAPBPeripheral), (28 bytes).
    Removing fm33fh0xx_fl_dac.o(i.FL_RMU_EnableResetAPBPeripheral), (28 bytes).
    Removing fm33fh0xx_fl_dma.o(.rev16_text), (4 bytes).
    Removing fm33fh0xx_fl_dma.o(.revsh_text), (4 bytes).
    Removing fm33fh0xx_fl_dma.o(i.FL_DMA_DeInit), (68 bytes).
    Removing fm33fh0xx_fl_dma.o(i.FL_DMA_Init), (448 bytes).
    Removing fm33fh0xx_fl_dma.o(i.FL_DMA_StartTransmission), (156 bytes).
    Removing fm33fh0xx_fl_dma.o(i.FL_DMA_StructInit), (26 bytes).
    Removing fm33fh0xx_fl_exti.o(.rev16_text), (4 bytes).
    Removing fm33fh0xx_fl_exti.o(.revsh_text), (4 bytes).
    Removing fm33fh0xx_fl_exti.o(i.FL_EXTI_ClearFlag), (136 bytes).
    Removing fm33fh0xx_fl_exti.o(i.FL_EXTI_CommonDeinit), (20 bytes).
    Removing fm33fh0xx_fl_exti.o(i.FL_EXTI_CommonInit), (112 bytes).
    Removing fm33fh0xx_fl_exti.o(i.FL_EXTI_CommonStructInit), (16 bytes).
    Removing fm33fh0xx_fl_exti.o(i.FL_EXTI_DeInit), (208 bytes).
    Removing fm33fh0xx_fl_exti.o(i.FL_EXTI_GetInputPin), (208 bytes).
    Removing fm33fh0xx_fl_exti.o(i.FL_EXTI_GetTrigEdge), (208 bytes).
    Removing fm33fh0xx_fl_exti.o(i.FL_EXTI_Init), (316 bytes).
    Removing fm33fh0xx_fl_exti.o(i.FL_EXTI_IsActiveFlag), (208 bytes).
    Removing fm33fh0xx_fl_exti.o(i.FL_EXTI_IsEnabledDigitalFilter), (208 bytes).
    Removing fm33fh0xx_fl_exti.o(i.FL_EXTI_StructInit), (18 bytes).
    Removing fm33fh0xx_fl_exti.o(i.FL_GPIO_ClearFlag_EXTI_PA), (6 bytes).
    Removing fm33fh0xx_fl_exti.o(i.FL_GPIO_ClearFlag_EXTI_PB), (6 bytes).
    Removing fm33fh0xx_fl_exti.o(i.FL_GPIO_ClearFlag_EXTI_PC), (6 bytes).
    Removing fm33fh0xx_fl_exti.o(i.FL_GPIO_ClearFlag_EXTI_PD), (6 bytes).
    Removing fm33fh0xx_fl_exti.o(i.FL_GPIO_ClearFlag_EXTI_PE), (6 bytes).
    Removing fm33fh0xx_fl_exti.o(i.FL_GPIO_ClearFlag_EXTI_PF), (6 bytes).
    Removing fm33fh0xx_fl_exti.o(i.FL_GPIO_ClearFlag_EXTI_PG), (6 bytes).
    Removing fm33fh0xx_fl_exti.o(i.FL_GPIO_DisableDigitalFilterPA), (10 bytes).
    Removing fm33fh0xx_fl_exti.o(i.FL_GPIO_DisableDigitalFilterPB), (10 bytes).
    Removing fm33fh0xx_fl_exti.o(i.FL_GPIO_DisableDigitalFilterPC), (10 bytes).
    Removing fm33fh0xx_fl_exti.o(i.FL_GPIO_DisableDigitalFilterPD), (10 bytes).
    Removing fm33fh0xx_fl_exti.o(i.FL_GPIO_DisableDigitalFilterPE), (10 bytes).
    Removing fm33fh0xx_fl_exti.o(i.FL_GPIO_DisableDigitalFilterPF), (10 bytes).
    Removing fm33fh0xx_fl_exti.o(i.FL_GPIO_DisableDigitalFilterPG), (10 bytes).
    Removing fm33fh0xx_fl_exti.o(i.FL_GPIO_EnableDigitalFilterPA), (10 bytes).
    Removing fm33fh0xx_fl_exti.o(i.FL_GPIO_EnableDigitalFilterPB), (10 bytes).
    Removing fm33fh0xx_fl_exti.o(i.FL_GPIO_EnableDigitalFilterPC), (10 bytes).
    Removing fm33fh0xx_fl_exti.o(i.FL_GPIO_EnableDigitalFilterPD), (10 bytes).
    Removing fm33fh0xx_fl_exti.o(i.FL_GPIO_EnableDigitalFilterPE), (10 bytes).
    Removing fm33fh0xx_fl_exti.o(i.FL_GPIO_EnableDigitalFilterPF), (10 bytes).
    Removing fm33fh0xx_fl_exti.o(i.FL_GPIO_EnableDigitalFilterPG), (10 bytes).
    Removing fm33fh0xx_fl_exti.o(i.FL_GPIO_GetEXTIInputPinPA), (18 bytes).
    Removing fm33fh0xx_fl_exti.o(i.FL_GPIO_GetEXTIInputPinPB), (16 bytes).
    Removing fm33fh0xx_fl_exti.o(i.FL_GPIO_GetEXTIInputPinPC), (18 bytes).
    Removing fm33fh0xx_fl_exti.o(i.FL_GPIO_GetEXTIInputPinPD), (16 bytes).
    Removing fm33fh0xx_fl_exti.o(i.FL_GPIO_GetEXTIInputPinPE), (18 bytes).
    Removing fm33fh0xx_fl_exti.o(i.FL_GPIO_GetEXTIInputPinPF), (16 bytes).
    Removing fm33fh0xx_fl_exti.o(i.FL_GPIO_GetEXTIInputPinPG), (18 bytes).
    Removing fm33fh0xx_fl_exti.o(i.FL_GPIO_GetTriggerEdgePA), (18 bytes).
    Removing fm33fh0xx_fl_exti.o(i.FL_GPIO_GetTriggerEdgePB), (18 bytes).
    Removing fm33fh0xx_fl_exti.o(i.FL_GPIO_GetTriggerEdgePC), (18 bytes).
    Removing fm33fh0xx_fl_exti.o(i.FL_GPIO_GetTriggerEdgePD), (18 bytes).
    Removing fm33fh0xx_fl_exti.o(i.FL_GPIO_GetTriggerEdgePE), (18 bytes).
    Removing fm33fh0xx_fl_exti.o(i.FL_GPIO_GetTriggerEdgePF), (18 bytes).
    Removing fm33fh0xx_fl_exti.o(i.FL_GPIO_GetTriggerEdgePG), (18 bytes).
    Removing fm33fh0xx_fl_exti.o(i.FL_GPIO_IsActiveFlag_EXTI_PA), (18 bytes).
    Removing fm33fh0xx_fl_exti.o(i.FL_GPIO_IsActiveFlag_EXTI_PB), (16 bytes).
    Removing fm33fh0xx_fl_exti.o(i.FL_GPIO_IsActiveFlag_EXTI_PC), (18 bytes).
    Removing fm33fh0xx_fl_exti.o(i.FL_GPIO_IsActiveFlag_EXTI_PD), (16 bytes).
    Removing fm33fh0xx_fl_exti.o(i.FL_GPIO_IsActiveFlag_EXTI_PE), (18 bytes).
    Removing fm33fh0xx_fl_exti.o(i.FL_GPIO_IsActiveFlag_EXTI_PF), (16 bytes).
    Removing fm33fh0xx_fl_exti.o(i.FL_GPIO_IsActiveFlag_EXTI_PG), (18 bytes).
    Removing fm33fh0xx_fl_exti.o(i.FL_GPIO_IsEnabledDigitalFilterPA), (18 bytes).
    Removing fm33fh0xx_fl_exti.o(i.FL_GPIO_IsEnabledDigitalFilterPB), (16 bytes).
    Removing fm33fh0xx_fl_exti.o(i.FL_GPIO_IsEnabledDigitalFilterPC), (18 bytes).
    Removing fm33fh0xx_fl_exti.o(i.FL_GPIO_IsEnabledDigitalFilterPD), (16 bytes).
    Removing fm33fh0xx_fl_exti.o(i.FL_GPIO_IsEnabledDigitalFilterPE), (18 bytes).
    Removing fm33fh0xx_fl_exti.o(i.FL_GPIO_IsEnabledDigitalFilterPF), (16 bytes).
    Removing fm33fh0xx_fl_exti.o(i.FL_GPIO_IsEnabledDigitalFilterPG), (18 bytes).
    Removing fm33fh0xx_fl_exti.o(i.FL_GPIO_SetTriggerEdgePA), (20 bytes).
    Removing fm33fh0xx_fl_exti.o(i.FL_GPIO_SetTriggerEdgePB), (20 bytes).
    Removing fm33fh0xx_fl_exti.o(i.FL_GPIO_SetTriggerEdgePC), (20 bytes).
    Removing fm33fh0xx_fl_exti.o(i.FL_GPIO_SetTriggerEdgePD), (20 bytes).
    Removing fm33fh0xx_fl_exti.o(i.FL_GPIO_SetTriggerEdgePE), (20 bytes).
    Removing fm33fh0xx_fl_exti.o(i.FL_GPIO_SetTriggerEdgePF), (20 bytes).
    Removing fm33fh0xx_fl_exti.o(i.FL_GPIO_SetTriggerEdgePG), (20 bytes).
    Removing fm33fh0xx_fl_exti.o(i.NVIC_ClearPendingIRQ), (24 bytes).
    Removing fm33fh0xx_fl_exti.o(.constdata), (252 bytes).
    Removing fm33fh0xx_fl_gpio.o(.rev16_text), (4 bytes).
    Removing fm33fh0xx_fl_gpio.o(.revsh_text), (4 bytes).
    Removing fm33fh0xx_fl_gpio.o(i.FL_GPIO_ALLPIN_LPM_MODE), (92 bytes).
    Removing fm33fh0xx_fl_gpio.o(i.FL_GPIO_DeInit), (180 bytes).
    Removing fm33fh0xx_fl_gpio.o(i.FL_GPIO_Init), (408 bytes).
    Removing fm33fh0xx_fl_gpio.o(i.FL_GPIO_SetPinDriveStrength), (20 bytes).
    Removing fm33fh0xx_fl_gpio.o(i.FL_GPIO_SetPinMode), (20 bytes).
    Removing fm33fh0xx_fl_gpio.o(i.FL_GPIO_SetPinRemap), (20 bytes).
    Removing fm33fh0xx_fl_gpio.o(i.FL_GPIO_StructInit), (28 bytes).
    Removing fm33fh0xx_fl_gpio.o(i.FL_WKUP_DeInit), (56 bytes).
    Removing fm33fh0xx_fl_gpio.o(i.FL_WKUP_Init), (100 bytes).
    Removing fm33fh0xx_fl_gpio.o(i.FL_WKUP_StructInit), (10 bytes).
    Removing fm33fh0xx_fl_iwdt.o(.rev16_text), (4 bytes).
    Removing fm33fh0xx_fl_iwdt.o(.revsh_text), (4 bytes).
    Removing fm33fh0xx_fl_iwdt.o(i.FL_IWDT_DeInit), (16 bytes).
    Removing fm33fh0xx_fl_iwdt.o(i.FL_IWDT_Init), (180 bytes).
    Removing fm33fh0xx_fl_iwdt.o(i.FL_IWDT_StructInit), (14 bytes).
    Removing fm33fh0xx_fl_lptim16.o(.rev16_text), (4 bytes).
    Removing fm33fh0xx_fl_lptim16.o(.revsh_text), (4 bytes).
    Removing fm33fh0xx_fl_lptim16.o(i.FL_LPTIM16_DeInit), (76 bytes).
    Removing fm33fh0xx_fl_lptim16.o(i.FL_LPTIM16_IC_Init), (236 bytes).
    Removing fm33fh0xx_fl_lptim16.o(i.FL_LPTIM16_IC_StructInit), (18 bytes).
    Removing fm33fh0xx_fl_lptim16.o(i.FL_LPTIM16_OC_Init), (124 bytes).
    Removing fm33fh0xx_fl_lptim16.o(i.FL_LPTIM16_OC_StructInit), (12 bytes).
    Removing fm33fh0xx_fl_lptim16.o(i.FL_LPTIM16_SetChannelMode), (34 bytes).
    Removing fm33fh0xx_fl_lpuart.o(.rev16_text), (4 bytes).
    Removing fm33fh0xx_fl_lpuart.o(.revsh_text), (4 bytes).
    Removing fm33fh0xx_fl_lpuart.o(i.FL_LPUART_DeInit), (76 bytes).
    Removing fm33fh0xx_fl_lpuart.o(i.FL_LPUART_Init), (404 bytes).
    Removing fm33fh0xx_fl_lpuart.o(i.FL_LPUART_StructInit), (24 bytes).
    Removing fm33fh0xx_fl_pmu.o(.rev16_text), (4 bytes).
    Removing fm33fh0xx_fl_pmu.o(.revsh_text), (4 bytes).
    Removing fm33fh0xx_fl_pmu.o(i.FL_PMU_Sleep_DeInit), (18 bytes).
    Removing fm33fh0xx_fl_pmu.o(i.FL_PMU_Sleep_Init), (224 bytes).
    Removing fm33fh0xx_fl_pmu.o(i.FL_PMU_StructInit), (26 bytes).
    Removing fm33fh0xx_fl_qspi.o(.rev16_text), (4 bytes).
    Removing fm33fh0xx_fl_qspi.o(.revsh_text), (4 bytes).
    Removing fm33fh0xx_fl_qspi.o(i.FL_QSPI_DeInit), (32 bytes).
    Removing fm33fh0xx_fl_qspi.o(i.FL_QSPI_Init), (284 bytes).
    Removing fm33fh0xx_fl_qspi.o(i.FL_QSPI_StructInit), (20 bytes).
    Removing fm33fh0xx_fl_rtc.o(.rev16_text), (4 bytes).
    Removing fm33fh0xx_fl_rtc.o(.revsh_text), (4 bytes).
    Removing fm33fh0xx_fl_rtc.o(i.FL_RTC_ConfigTime), (112 bytes).
    Removing fm33fh0xx_fl_rtc.o(i.FL_RTC_DeInit), (64 bytes).
    Removing fm33fh0xx_fl_rtc.o(i.FL_RTC_GetTime), (66 bytes).
    Removing fm33fh0xx_fl_rtc.o(i.FL_RTC_Init), (36 bytes).
    Removing fm33fh0xx_fl_rtc.o(i.FL_RTC_StructInit), (22 bytes).
    Removing fm33fh0xx_fl_spi.o(.rev16_text), (4 bytes).
    Removing fm33fh0xx_fl_spi.o(.revsh_text), (4 bytes).
    Removing fm33fh0xx_fl_spi.o(i.FL_CMU_EnableGroup3BusClock), (16 bytes).
    Removing fm33fh0xx_fl_spi.o(i.FL_I2S_Init), (432 bytes).
    Removing fm33fh0xx_fl_spi.o(i.FL_I2S_StructInit), (28 bytes).
    Removing fm33fh0xx_fl_spi.o(i.FL_RMU_DisableResetAPBPeripheral), (28 bytes).
    Removing fm33fh0xx_fl_spi.o(i.FL_RMU_EnableResetAPBPeripheral), (28 bytes).
    Removing fm33fh0xx_fl_spi.o(i.FL_SPI_DeInit), (160 bytes).
    Removing fm33fh0xx_fl_spi.o(i.FL_SPI_Init), (364 bytes).
    Removing fm33fh0xx_fl_spi.o(i.FL_SPI_StructInit), (28 bytes).
    Removing fm33fh0xx_fl_tau.o(.rev16_text), (4 bytes).
    Removing fm33fh0xx_fl_tau.o(.revsh_text), (4 bytes).
    Removing fm33fh0xx_fl_tau.o(i.FL_TAU_DeInit), (144 bytes).
    Removing fm33fh0xx_fl_tau.o(i.FL_TAU_GetTAUGroupId), (36 bytes).
    Removing fm33fh0xx_fl_tau.o(i.FL_TAU_IC_SetSource), (14 bytes).
    Removing fm33fh0xx_fl_tau.o(i.FL_TAU_Init), (868 bytes).
    Removing fm33fh0xx_fl_tau.o(i.FL_TAU_SetCounterEdge), (16 bytes).
    Removing fm33fh0xx_fl_tau.o(i.FL_TAU_StructInit), (48 bytes).
    Removing fm33fh0xx_fl_tau.o(.constdata), (584 bytes).
    Removing fm33fh0xx_fl_tau.o(.constdata), (4 bytes).
    Removing fm33fh0xx_fl_tau.o(.constdata), (4 bytes).
    Removing fm33fh0xx_fl_tau.o(.constdata), (4 bytes).
    Removing fm33fh0xx_fl_tau.o(.constdata), (4 bytes).
    Removing fm33fh0xx_fl_tau.o(.constdata), (4 bytes).
    Removing fm33fh0xx_fl_tau.o(.constdata), (4 bytes).
    Removing fm33fh0xx_fl_tau.o(.constdata), (4 bytes).
    Removing fm33fh0xx_fl_tau.o(.constdata), (4 bytes).
    Removing fm33fh0xx_fl_tau.o(.constdata), (4 bytes).
    Removing fm33fh0xx_fl_tau.o(.constdata), (4 bytes).
    Removing fm33fh0xx_fl_tau.o(.constdata), (4 bytes).
    Removing fm33fh0xx_fl_tau.o(.constdata), (4 bytes).
    Removing fm33fh0xx_fl_tau.o(.constdata), (4 bytes).
    Removing fm33fh0xx_fl_tau.o(.constdata), (4 bytes).
    Removing fm33fh0xx_fl_tau.o(.constdata), (4 bytes).
    Removing fm33fh0xx_fl_tau.o(.constdata), (4 bytes).
    Removing fm33fh0xx_fl_tau.o(.constdata), (4 bytes).
    Removing fm33fh0xx_fl_uart.o(.rev16_text), (4 bytes).
    Removing fm33fh0xx_fl_uart.o(.revsh_text), (4 bytes).
    Removing fm33fh0xx_fl_uart.o(i.FL_CMU_DisableGroup3BusClock), (16 bytes).
    Removing fm33fh0xx_fl_uart.o(i.FL_CMU_DisableOperationClock), (16 bytes).
    Removing fm33fh0xx_fl_uart.o(i.FL_CMU_EnableGroup3BusClock), (16 bytes).
    Removing fm33fh0xx_fl_uart.o(i.FL_CMU_EnableOperationClock), (16 bytes).
    Removing fm33fh0xx_fl_uart.o(i.FL_RMU_DisableResetAPBPeripheral), (28 bytes).
    Removing fm33fh0xx_fl_uart.o(i.FL_RMU_EnableResetAPBPeripheral), (28 bytes).
    Removing fm33fh0xx_fl_uart.o(i.FL_UART_DeInit), (412 bytes).
    Removing fm33fh0xx_fl_uart.o(i.FL_UART_ExtendedPrm_Init), (456 bytes).
    Removing fm33fh0xx_fl_uart.o(i.FL_UART_ExtendedPrm_StructInit), (28 bytes).
    Removing fm33fh0xx_fl_uart.o(i.FL_UART_InfraRed_Init), (232 bytes).
    Removing fm33fh0xx_fl_uart.o(i.FL_UART_InfraRed_StructInit), (24 bytes).
    Removing fm33fh0xx_fl_uart.o(i.FL_UART_Init), (1036 bytes).
    Removing fm33fh0xx_fl_uart.o(i.FL_UART_LIN_Init), (520 bytes).
    Removing fm33fh0xx_fl_uart.o(i.FL_UART_LIN_StructInit), (40 bytes).
    Removing fm33fh0xx_fl_uart.o(i.FL_UART_StructInit), (30 bytes).
    Removing fm33fh0xx_fl_wwdt.o(.rev16_text), (4 bytes).
    Removing fm33fh0xx_fl_wwdt.o(.revsh_text), (4 bytes).
    Removing fm33fh0xx_fl_wwdt.o(i.FL_WWDT_DeInit), (16 bytes).
    Removing fm33fh0xx_fl_wwdt.o(i.FL_WWDT_Init), (92 bytes).
    Removing fm33fh0xx_fl_wwdt.o(i.FL_WWDT_StructInit), (10 bytes).
    Removing fm33fh0xx_fl_i2c.o(.rev16_text), (4 bytes).
    Removing fm33fh0xx_fl_i2c.o(.revsh_text), (4 bytes).
    Removing fm33fh0xx_fl_i2c.o(i.FL_I2C_DeInit), (96 bytes).
    Removing fm33fh0xx_fl_i2c.o(i.FL_I2C_MasterMode_Init), (160 bytes).
    Removing fm33fh0xx_fl_i2c.o(i.FL_I2C_MasterMode_StructInit), (16 bytes).
    Removing fm33fh0xx_fl_i2c.o(i.FL_RMU_DisableResetAPBPeripheral), (28 bytes).
    Removing fm33fh0xx_fl_i2c.o(i.FL_RMU_EnableResetAPBPeripheral), (28 bytes).
    Removing fm33fh0xx_fl_crc.o(.rev16_text), (4 bytes).
    Removing fm33fh0xx_fl_crc.o(.revsh_text), (4 bytes).
    Removing fm33fh0xx_fl_crc.o(i.FL_CRC_DeInit), (68 bytes).
    Removing fm33fh0xx_fl_crc.o(i.FL_CRC_Init), (216 bytes).
    Removing fm33fh0xx_fl_crc.o(i.FL_CRC_StructInit), (22 bytes).
    Removing fm33fh0xx_fl_sent.o(.rev16_text), (4 bytes).
    Removing fm33fh0xx_fl_sent.o(.revsh_text), (4 bytes).
    Removing fm33fh0xx_fl_sent.o(i.FL_RMU_DisableResetAPBPeripheral), (28 bytes).
    Removing fm33fh0xx_fl_sent.o(i.FL_RMU_EnableResetAPBPeripheral), (28 bytes).
    Removing fm33fh0xx_fl_sent.o(i.FL_SENT_DeInit), (120 bytes).
    Removing fm33fh0xx_fl_sent.o(i.FL_SENT_Init), (520 bytes).
    Removing fm33fh0xx_fl_sent.o(i.FL_SENT_StructInit), (24 bytes).
    Removing fm33fh0xx_fl_svd.o(.rev16_text), (4 bytes).
    Removing fm33fh0xx_fl_svd.o(.revsh_text), (4 bytes).
    Removing fm33fh0xx_fl_svd.o(i.FL_SVD_DeInit), (32 bytes).
    Removing fm33fh0xx_fl_svd.o(i.FL_SVD_Init), (372 bytes).
    Removing fm33fh0xx_fl_svd.o(i.FL_SVD_StructInit), (22 bytes).
    Removing fm33fh0xx_fl_flash.o(.rev16_text), (4 bytes).
    Removing fm33fh0xx_fl_flash.o(.revsh_text), (4 bytes).
    Removing fm33fh0xx_fl_flash.o(i.FL_CMU_DisableGroup2BusClock), (16 bytes).
    Removing fm33fh0xx_fl_flash.o(i.FL_CMU_DisableOperationClock), (16 bytes).
    Removing fm33fh0xx_fl_flash.o(i.FL_CMU_EnableGroup2BusClock), (16 bytes).
    Removing fm33fh0xx_fl_flash.o(i.FL_CMU_EnableOperationClock), (16 bytes).
    Removing fm33fh0xx_fl_flash.o(i.FL_FLASH_CodePageErase), (244 bytes).
    Removing fm33fh0xx_fl_flash.o(i.FL_FLASH_CodeProgram_Page), (244 bytes).
    Removing fm33fh0xx_fl_flash.o(i.FL_FLASH_CodeProgram_Sector), (240 bytes).
    Removing fm33fh0xx_fl_flash.o(i.FL_FLASH_CodeProgram_Word), (228 bytes).
    Removing fm33fh0xx_fl_flash.o(i.FL_FLASH_CodeSectorErase), (252 bytes).
    Removing fm33fh0xx_fl_flash.o(i.FL_FLASH_DataPageErase), (248 bytes).
    Removing fm33fh0xx_fl_flash.o(i.FL_FLASH_DataProgram_Page), (252 bytes).
    Removing fm33fh0xx_fl_flash.o(i.FL_FLASH_DataProgram_Sector), (252 bytes).
    Removing fm33fh0xx_fl_flash.o(i.FL_FLASH_DataProgram_Word), (232 bytes).
    Removing fm33fh0xx_fl_flash.o(i.FL_FLASH_DataSectorErase), (252 bytes).
    Removing fm33fh0xx_fl_flash.o(i.FL_FLASH_EnableEraseInCodeFLASH), (18 bytes).
    Removing fm33fh0xx_fl_flash.o(i.FL_FLASH_EnableEraseInDataFLASH), (20 bytes).
    Removing fm33fh0xx_fl_flash.o(i.FL_FLASH_EnableProgramInCodeFLASH), (18 bytes).
    Removing fm33fh0xx_fl_flash.o(i.FL_FLASH_EnableProgramInDataFLASH), (20 bytes).

307 unused section(s) (total 26104 bytes) removed from the image.

==============================================================================

Image Symbol Table

    Local Symbols

    Symbol Name                              Value     Ov Type        Size  Object(Section)

    RESET                                    0x00000000   Section      192  startup_fm33fh0xx.o(RESET)
    ../clib/angel/boardlib.s                 0x00000000   Number         0  boardinit1.o ABSOLUTE
    ../clib/angel/boardlib.s                 0x00000000   Number         0  boardshut.o ABSOLUTE
    ../clib/angel/boardlib.s                 0x00000000   Number         0  boardinit2.o ABSOLUTE
    ../clib/angel/boardlib.s                 0x00000000   Number         0  boardinit3.o ABSOLUTE
    ../clib/angel/handlers.s                 0x00000000   Number         0  __scatter_zi.o ABSOLUTE
    ../clib/angel/handlers.s                 0x00000000   Number         0  __scatter_copy.o ABSOLUTE
    ../clib/angel/kernel.s                   0x00000000   Number         0  __rtentry2.o ABSOLUTE
    ../clib/angel/kernel.s                   0x00000000   Number         0  rtexit2.o ABSOLUTE
    ../clib/angel/kernel.s                   0x00000000   Number         0  __rtentry4.o ABSOLUTE
    ../clib/angel/kernel.s                   0x00000000   Number         0  __rtentry.o ABSOLUTE
    ../clib/angel/kernel.s                   0x00000000   Number         0  rtexit.o ABSOLUTE
    ../clib/angel/rt.s                       0x00000000   Number         0  aeabi_idiv0.o ABSOLUTE
    ../clib/angel/rt.s                       0x00000000   Number         0  rt_div0.o ABSOLUTE
    ../clib/angel/rt.s                       0x00000000   Number         0  rt_raise.o ABSOLUTE
    ../clib/angel/rt.s                       0x00000000   Number         0  aeabi_idiv0_sigfpe.o ABSOLUTE
    ../clib/angel/scatterp.s                 0x00000000   Number         0  __scatter.o ABSOLUTE
    ../clib/angel/startup.s                  0x00000000   Number         0  __main.o ABSOLUTE
    ../clib/angel/sys.s                      0x00000000   Number         0  indicate_semi.o ABSOLUTE
    ../clib/angel/sys.s                      0x00000000   Number         0  sys_stackheap_outer.o ABSOLUTE
    ../clib/angel/sys.s                      0x00000000   Number         0  libspace.o ABSOLUTE
    ../clib/angel/sys.s                      0x00000000   Number         0  tempstk.o ABSOLUTE
    ../clib/angel/sys.s                      0x00000000   Number         0  use_no_semi.o ABSOLUTE
    ../clib/angel/sysapp.c                   0x00000000   Number         0  sys_wrch.o ABSOLUTE
    ../clib/angel/sysapp.c                   0x00000000   Number         0  sys_command.o ABSOLUTE
    ../clib/angel/sysapp.c                   0x00000000   Number         0  sys_exit.o ABSOLUTE
    ../clib/armsys.c                         0x00000000   Number         0  no_argv.o ABSOLUTE
    ../clib/armsys.c                         0x00000000   Number         0  argv_veneer.o ABSOLUTE
    ../clib/armsys.c                         0x00000000   Number         0  _get_argv_nomalloc.o ABSOLUTE
    ../clib/division.s                       0x00000000   Number         0  aeabi_sdiv.o ABSOLUTE
    ../clib/division.s                       0x00000000   Number         0  aeabi_sdiv_div0.o ABSOLUTE
    ../clib/heapalloc.c                      0x00000000   Number         0  hrguard.o ABSOLUTE
    ../clib/heapaux.c                        0x00000000   Number         0  heapauxi.o ABSOLUTE
    ../clib/libinit.s                        0x00000000   Number         0  libshutdown.o ABSOLUTE
    ../clib/libinit.s                        0x00000000   Number         0  libinit2.o ABSOLUTE
    ../clib/libinit.s                        0x00000000   Number         0  libinit.o ABSOLUTE
    ../clib/libinit.s                        0x00000000   Number         0  libshutdown2.o ABSOLUTE
    ../clib/memcpset.c                       0x00000000   Number         0  rt_memclr.o ABSOLUTE
    ../clib/signal.c                         0x00000000   Number         0  defsig_abrt_inner.o ABSOLUTE
    ../clib/signal.c                         0x00000000   Number         0  defsig_fpe_formal.o ABSOLUTE
    ../clib/signal.c                         0x00000000   Number         0  defsig_pvfn_inner.o ABSOLUTE
    ../clib/signal.c                         0x00000000   Number         0  defsig_fpe_outer.o ABSOLUTE
    ../clib/signal.c                         0x00000000   Number         0  defsig_rtmem_formal.o ABSOLUTE
    ../clib/signal.c                         0x00000000   Number         0  defsig_other.o ABSOLUTE
    ../clib/signal.c                         0x00000000   Number         0  defsig_rtmem_outer.o ABSOLUTE
    ../clib/signal.c                         0x00000000   Number         0  __raise.o ABSOLUTE
    ../clib/signal.c                         0x00000000   Number         0  defsig_general.o ABSOLUTE
    ../clib/signal.c                         0x00000000   Number         0  defsig_segv_inner.o ABSOLUTE
    ../clib/signal.c                         0x00000000   Number         0  defsig_cppl_inner.o ABSOLUTE
    ../clib/signal.c                         0x00000000   Number         0  defsig_rtred_inner.o ABSOLUTE
    ../clib/signal.c                         0x00000000   Number         0  defsig_exit.o ABSOLUTE
    ../clib/signal.c                         0x00000000   Number         0  defsig_fpe_inner.o ABSOLUTE
    ../clib/signal.c                         0x00000000   Number         0  defsig_rtmem_inner.o ABSOLUTE
    ../clib/signal.c                         0x00000000   Number         0  defsig_stak_inner.o ABSOLUTE
    ../clib/signal.s                         0x00000000   Number         0  defsig.o ABSOLUTE
    ../clib/stdlib.c                         0x00000000   Number         0  exit.o ABSOLUTE
    ../fplib/cfplib/fpinit.c                 0x00000000   Number         0  fpinit.o ABSOLUTE
    ..\Drivers\CMSIS\Device\FM\FM33xx\Source\Templates\ARM\startup_fm33fh0xx.s 0x00000000   Number         0  startup_fm33fh0xx.o ABSOLUTE
    ..\Drivers\CMSIS\Device\FM\FM33xx\Source\system_fm33fh0xx.c 0x00000000   Number         0  system_fm33fh0xx.o ABSOLUTE
    ..\Drivers\FM33FH0xx_FL_Driver\Src\fm33fh0xx_fl.c 0x00000000   Number         0  fm33fh0xx_fl.o ABSOLUTE
    ..\Drivers\FM33FH0xx_FL_Driver\Src\fm33fh0xx_fl_adc.c 0x00000000   Number         0  fm33fh0xx_fl_adc.o ABSOLUTE
    ..\Drivers\FM33FH0xx_FL_Driver\Src\fm33fh0xx_fl_atim.c 0x00000000   Number         0  fm33fh0xx_fl_atim.o ABSOLUTE
    ..\Drivers\FM33FH0xx_FL_Driver\Src\fm33fh0xx_fl_bstim16.c 0x00000000   Number         0  fm33fh0xx_fl_bstim16.o ABSOLUTE
    ..\Drivers\FM33FH0xx_FL_Driver\Src\fm33fh0xx_fl_canfd.c 0x00000000   Number         0  fm33fh0xx_fl_canfd.o ABSOLUTE
    ..\Drivers\FM33FH0xx_FL_Driver\Src\fm33fh0xx_fl_clm.c 0x00000000   Number         0  fm33fh0xx_fl_clm.o ABSOLUTE
    ..\Drivers\FM33FH0xx_FL_Driver\Src\fm33fh0xx_fl_cmu.c 0x00000000   Number         0  fm33fh0xx_fl_cmu.o ABSOLUTE
    ..\Drivers\FM33FH0xx_FL_Driver\Src\fm33fh0xx_fl_comp.c 0x00000000   Number         0  fm33fh0xx_fl_comp.o ABSOLUTE
    ..\Drivers\FM33FH0xx_FL_Driver\Src\fm33fh0xx_fl_crc.c 0x00000000   Number         0  fm33fh0xx_fl_crc.o ABSOLUTE
    ..\Drivers\FM33FH0xx_FL_Driver\Src\fm33fh0xx_fl_dac.c 0x00000000   Number         0  fm33fh0xx_fl_dac.o ABSOLUTE
    ..\Drivers\FM33FH0xx_FL_Driver\Src\fm33fh0xx_fl_dma.c 0x00000000   Number         0  fm33fh0xx_fl_dma.o ABSOLUTE
    ..\Drivers\FM33FH0xx_FL_Driver\Src\fm33fh0xx_fl_exti.c 0x00000000   Number         0  fm33fh0xx_fl_exti.o ABSOLUTE
    ..\Drivers\FM33FH0xx_FL_Driver\Src\fm33fh0xx_fl_flash.c 0x00000000   Number         0  fm33fh0xx_fl_flash.o ABSOLUTE
    ..\Drivers\FM33FH0xx_FL_Driver\Src\fm33fh0xx_fl_gpio.c 0x00000000   Number         0  fm33fh0xx_fl_gpio.o ABSOLUTE
    ..\Drivers\FM33FH0xx_FL_Driver\Src\fm33fh0xx_fl_i2c.c 0x00000000   Number         0  fm33fh0xx_fl_i2c.o ABSOLUTE
    ..\Drivers\FM33FH0xx_FL_Driver\Src\fm33fh0xx_fl_iwdt.c 0x00000000   Number         0  fm33fh0xx_fl_iwdt.o ABSOLUTE
    ..\Drivers\FM33FH0xx_FL_Driver\Src\fm33fh0xx_fl_lptim16.c 0x00000000   Number         0  fm33fh0xx_fl_lptim16.o ABSOLUTE
    ..\Drivers\FM33FH0xx_FL_Driver\Src\fm33fh0xx_fl_lpuart.c 0x00000000   Number         0  fm33fh0xx_fl_lpuart.o ABSOLUTE
    ..\Drivers\FM33FH0xx_FL_Driver\Src\fm33fh0xx_fl_pmu.c 0x00000000   Number         0  fm33fh0xx_fl_pmu.o ABSOLUTE
    ..\Drivers\FM33FH0xx_FL_Driver\Src\fm33fh0xx_fl_qspi.c 0x00000000   Number         0  fm33fh0xx_fl_qspi.o ABSOLUTE
    ..\Drivers\FM33FH0xx_FL_Driver\Src\fm33fh0xx_fl_rtc.c 0x00000000   Number         0  fm33fh0xx_fl_rtc.o ABSOLUTE
    ..\Drivers\FM33FH0xx_FL_Driver\Src\fm33fh0xx_fl_sent.c 0x00000000   Number         0  fm33fh0xx_fl_sent.o ABSOLUTE
    ..\Drivers\FM33FH0xx_FL_Driver\Src\fm33fh0xx_fl_spi.c 0x00000000   Number         0  fm33fh0xx_fl_spi.o ABSOLUTE
    ..\Drivers\FM33FH0xx_FL_Driver\Src\fm33fh0xx_fl_svd.c 0x00000000   Number         0  fm33fh0xx_fl_svd.o ABSOLUTE
    ..\Drivers\FM33FH0xx_FL_Driver\Src\fm33fh0xx_fl_tau.c 0x00000000   Number         0  fm33fh0xx_fl_tau.o ABSOLUTE
    ..\Drivers\FM33FH0xx_FL_Driver\Src\fm33fh0xx_fl_uart.c 0x00000000   Number         0  fm33fh0xx_fl_uart.o ABSOLUTE
    ..\Drivers\FM33FH0xx_FL_Driver\Src\fm33fh0xx_fl_wwdt.c 0x00000000   Number         0  fm33fh0xx_fl_wwdt.o ABSOLUTE
    ..\MF-config\Src\mf_config.c             0x00000000   Number         0  mf_config.o ABSOLUTE
    ..\Src\lptim16.c                         0x00000000   Number         0  lptim16.o ABSOLUTE
    ..\Src\main.c                            0x00000000   Number         0  main.o ABSOLUTE
    ..\\Drivers\\CMSIS\\Device\\FM\\FM33xx\\Source\\system_fm33fh0xx.c 0x00000000   Number         0  system_fm33fh0xx.o ABSOLUTE
    ..\\Drivers\\FM33FH0xx_FL_Driver\\Src\\fm33fh0xx_fl.c 0x00000000   Number         0  fm33fh0xx_fl.o ABSOLUTE
    ..\\Drivers\\FM33FH0xx_FL_Driver\\Src\\fm33fh0xx_fl_adc.c 0x00000000   Number         0  fm33fh0xx_fl_adc.o ABSOLUTE
    ..\\Drivers\\FM33FH0xx_FL_Driver\\Src\\fm33fh0xx_fl_atim.c 0x00000000   Number         0  fm33fh0xx_fl_atim.o ABSOLUTE
    ..\\Drivers\\FM33FH0xx_FL_Driver\\Src\\fm33fh0xx_fl_bstim16.c 0x00000000   Number         0  fm33fh0xx_fl_bstim16.o ABSOLUTE
    ..\\Drivers\\FM33FH0xx_FL_Driver\\Src\\fm33fh0xx_fl_canfd.c 0x00000000   Number         0  fm33fh0xx_fl_canfd.o ABSOLUTE
    ..\\Drivers\\FM33FH0xx_FL_Driver\\Src\\fm33fh0xx_fl_clm.c 0x00000000   Number         0  fm33fh0xx_fl_clm.o ABSOLUTE
    ..\\Drivers\\FM33FH0xx_FL_Driver\\Src\\fm33fh0xx_fl_cmu.c 0x00000000   Number         0  fm33fh0xx_fl_cmu.o ABSOLUTE
    ..\\Drivers\\FM33FH0xx_FL_Driver\\Src\\fm33fh0xx_fl_comp.c 0x00000000   Number         0  fm33fh0xx_fl_comp.o ABSOLUTE
    ..\\Drivers\\FM33FH0xx_FL_Driver\\Src\\fm33fh0xx_fl_crc.c 0x00000000   Number         0  fm33fh0xx_fl_crc.o ABSOLUTE
    ..\\Drivers\\FM33FH0xx_FL_Driver\\Src\\fm33fh0xx_fl_dac.c 0x00000000   Number         0  fm33fh0xx_fl_dac.o ABSOLUTE
    ..\\Drivers\\FM33FH0xx_FL_Driver\\Src\\fm33fh0xx_fl_dma.c 0x00000000   Number         0  fm33fh0xx_fl_dma.o ABSOLUTE
    ..\\Drivers\\FM33FH0xx_FL_Driver\\Src\\fm33fh0xx_fl_exti.c 0x00000000   Number         0  fm33fh0xx_fl_exti.o ABSOLUTE
    ..\\Drivers\\FM33FH0xx_FL_Driver\\Src\\fm33fh0xx_fl_flash.c 0x00000000   Number         0  fm33fh0xx_fl_flash.o ABSOLUTE
    ..\\Drivers\\FM33FH0xx_FL_Driver\\Src\\fm33fh0xx_fl_gpio.c 0x00000000   Number         0  fm33fh0xx_fl_gpio.o ABSOLUTE
    ..\\Drivers\\FM33FH0xx_FL_Driver\\Src\\fm33fh0xx_fl_i2c.c 0x00000000   Number         0  fm33fh0xx_fl_i2c.o ABSOLUTE
    ..\\Drivers\\FM33FH0xx_FL_Driver\\Src\\fm33fh0xx_fl_iwdt.c 0x00000000   Number         0  fm33fh0xx_fl_iwdt.o ABSOLUTE
    ..\\Drivers\\FM33FH0xx_FL_Driver\\Src\\fm33fh0xx_fl_lptim16.c 0x00000000   Number         0  fm33fh0xx_fl_lptim16.o ABSOLUTE
    ..\\Drivers\\FM33FH0xx_FL_Driver\\Src\\fm33fh0xx_fl_lpuart.c 0x00000000   Number         0  fm33fh0xx_fl_lpuart.o ABSOLUTE
    ..\\Drivers\\FM33FH0xx_FL_Driver\\Src\\fm33fh0xx_fl_pmu.c 0x00000000   Number         0  fm33fh0xx_fl_pmu.o ABSOLUTE
    ..\\Drivers\\FM33FH0xx_FL_Driver\\Src\\fm33fh0xx_fl_qspi.c 0x00000000   Number         0  fm33fh0xx_fl_qspi.o ABSOLUTE
    ..\\Drivers\\FM33FH0xx_FL_Driver\\Src\\fm33fh0xx_fl_rtc.c 0x00000000   Number         0  fm33fh0xx_fl_rtc.o ABSOLUTE
    ..\\Drivers\\FM33FH0xx_FL_Driver\\Src\\fm33fh0xx_fl_sent.c 0x00000000   Number         0  fm33fh0xx_fl_sent.o ABSOLUTE
    ..\\Drivers\\FM33FH0xx_FL_Driver\\Src\\fm33fh0xx_fl_spi.c 0x00000000   Number         0  fm33fh0xx_fl_spi.o ABSOLUTE
    ..\\Drivers\\FM33FH0xx_FL_Driver\\Src\\fm33fh0xx_fl_svd.c 0x00000000   Number         0  fm33fh0xx_fl_svd.o ABSOLUTE
    ..\\Drivers\\FM33FH0xx_FL_Driver\\Src\\fm33fh0xx_fl_tau.c 0x00000000   Number         0  fm33fh0xx_fl_tau.o ABSOLUTE
    ..\\Drivers\\FM33FH0xx_FL_Driver\\Src\\fm33fh0xx_fl_uart.c 0x00000000   Number         0  fm33fh0xx_fl_uart.o ABSOLUTE
    ..\\Drivers\\FM33FH0xx_FL_Driver\\Src\\fm33fh0xx_fl_wwdt.c 0x00000000   Number         0  fm33fh0xx_fl_wwdt.o ABSOLUTE
    ..\\MF-config\\Src\\mf_config.c          0x00000000   Number         0  mf_config.o ABSOLUTE
    ..\\Src\\lptim16.c                       0x00000000   Number         0  lptim16.o ABSOLUTE
    ..\\Src\\main.c                          0x00000000   Number         0  main.o ABSOLUTE
    dc.s                                     0x00000000   Number         0  dc.o ABSOLUTE
    !!!main                                  0x000000c0   Section        8  __main.o(!!!main)
    !!!scatter                               0x000000c8   Section       60  __scatter.o(!!!scatter)
    !!handler_copy                           0x00000104   Section       26  __scatter_copy.o(!!handler_copy)
    !!handler_zi                             0x00000120   Section       28  __scatter_zi.o(!!handler_zi)
    .ARM.Collect$$libinit$$00000000          0x0000013c   Section        2  libinit.o(.ARM.Collect$$libinit$$00000000)
    .ARM.Collect$$libinit$$00000002          0x0000013e   Section        0  libinit2.o(.ARM.Collect$$libinit$$00000002)
    .ARM.Collect$$libinit$$00000004          0x0000013e   Section        0  libinit2.o(.ARM.Collect$$libinit$$00000004)
    .ARM.Collect$$libinit$$0000000A          0x0000013e   Section        0  libinit2.o(.ARM.Collect$$libinit$$0000000A)
    .ARM.Collect$$libinit$$0000000C          0x0000013e   Section        0  libinit2.o(.ARM.Collect$$libinit$$0000000C)
    .ARM.Collect$$libinit$$0000000E          0x0000013e   Section        0  libinit2.o(.ARM.Collect$$libinit$$0000000E)
    .ARM.Collect$$libinit$$00000011          0x0000013e   Section        0  libinit2.o(.ARM.Collect$$libinit$$00000011)
    .ARM.Collect$$libinit$$00000013          0x0000013e   Section        0  libinit2.o(.ARM.Collect$$libinit$$00000013)
    .ARM.Collect$$libinit$$00000015          0x0000013e   Section        0  libinit2.o(.ARM.Collect$$libinit$$00000015)
    .ARM.Collect$$libinit$$00000017          0x0000013e   Section        0  libinit2.o(.ARM.Collect$$libinit$$00000017)
    .ARM.Collect$$libinit$$00000019          0x0000013e   Section        0  libinit2.o(.ARM.Collect$$libinit$$00000019)
    .ARM.Collect$$libinit$$0000001B          0x0000013e   Section        0  libinit2.o(.ARM.Collect$$libinit$$0000001B)
    .ARM.Collect$$libinit$$0000001D          0x0000013e   Section        0  libinit2.o(.ARM.Collect$$libinit$$0000001D)
    .ARM.Collect$$libinit$$0000001F          0x0000013e   Section        0  libinit2.o(.ARM.Collect$$libinit$$0000001F)
    .ARM.Collect$$libinit$$00000021          0x0000013e   Section        0  libinit2.o(.ARM.Collect$$libinit$$00000021)
    .ARM.Collect$$libinit$$00000023          0x0000013e   Section        0  libinit2.o(.ARM.Collect$$libinit$$00000023)
    .ARM.Collect$$libinit$$00000025          0x0000013e   Section        0  libinit2.o(.ARM.Collect$$libinit$$00000025)
    .ARM.Collect$$libinit$$0000002C          0x0000013e   Section        0  libinit2.o(.ARM.Collect$$libinit$$0000002C)
    .ARM.Collect$$libinit$$0000002E          0x0000013e   Section        0  libinit2.o(.ARM.Collect$$libinit$$0000002E)
    .ARM.Collect$$libinit$$00000030          0x0000013e   Section        0  libinit2.o(.ARM.Collect$$libinit$$00000030)
    .ARM.Collect$$libinit$$00000032          0x0000013e   Section        0  libinit2.o(.ARM.Collect$$libinit$$00000032)
    .ARM.Collect$$libinit$$00000033          0x0000013e   Section        2  libinit2.o(.ARM.Collect$$libinit$$00000033)
    .ARM.Collect$$libshutdown$$00000000      0x00000140   Section        2  libshutdown.o(.ARM.Collect$$libshutdown$$00000000)
    .ARM.Collect$$libshutdown$$00000002      0x00000142   Section        0  libshutdown2.o(.ARM.Collect$$libshutdown$$00000002)
    .ARM.Collect$$libshutdown$$00000004      0x00000142   Section        0  libshutdown2.o(.ARM.Collect$$libshutdown$$00000004)
    .ARM.Collect$$libshutdown$$00000007      0x00000142   Section        0  libshutdown2.o(.ARM.Collect$$libshutdown$$00000007)
    .ARM.Collect$$libshutdown$$0000000A      0x00000142   Section        0  libshutdown2.o(.ARM.Collect$$libshutdown$$0000000A)
    .ARM.Collect$$libshutdown$$0000000C      0x00000142   Section        0  libshutdown2.o(.ARM.Collect$$libshutdown$$0000000C)
    .ARM.Collect$$libshutdown$$0000000F      0x00000142   Section        0  libshutdown2.o(.ARM.Collect$$libshutdown$$0000000F)
    .ARM.Collect$$libshutdown$$00000010      0x00000142   Section        2  libshutdown2.o(.ARM.Collect$$libshutdown$$00000010)
    .ARM.Collect$$rtentry$$00000000          0x00000144   Section        0  __rtentry.o(.ARM.Collect$$rtentry$$00000000)
    .ARM.Collect$$rtentry$$00000002          0x00000144   Section        0  __rtentry2.o(.ARM.Collect$$rtentry$$00000002)
    .ARM.Collect$$rtentry$$00000004          0x00000144   Section        6  __rtentry4.o(.ARM.Collect$$rtentry$$00000004)
    .ARM.Collect$$rtentry$$00000009          0x0000014a   Section        0  __rtentry2.o(.ARM.Collect$$rtentry$$00000009)
    .ARM.Collect$$rtentry$$0000000A          0x0000014a   Section        4  __rtentry2.o(.ARM.Collect$$rtentry$$0000000A)
    .ARM.Collect$$rtentry$$0000000C          0x0000014e   Section        0  __rtentry2.o(.ARM.Collect$$rtentry$$0000000C)
    .ARM.Collect$$rtentry$$0000000D          0x0000014e   Section        8  __rtentry2.o(.ARM.Collect$$rtentry$$0000000D)
    .ARM.Collect$$rtexit$$00000000           0x00000156   Section        2  rtexit.o(.ARM.Collect$$rtexit$$00000000)
    .ARM.Collect$$rtexit$$00000002           0x00000158   Section        0  rtexit2.o(.ARM.Collect$$rtexit$$00000002)
    .ARM.Collect$$rtexit$$00000003           0x00000158   Section        4  rtexit2.o(.ARM.Collect$$rtexit$$00000003)
    .ARM.Collect$$rtexit$$00000004           0x0000015c   Section        6  rtexit2.o(.ARM.Collect$$rtexit$$00000004)
    .text                                    0x00000164   Section       56  startup_fm33fh0xx.o(.text)
    .text                                    0x0000019c   Section        0  rt_memclr.o(.text)
    .text                                    0x000001dc   Section      346  aeabi_sdiv.o(.text)
    .text                                    0x00000336   Section        0  heapauxi.o(.text)
    .text                                    0x0000033c   Section       62  sys_stackheap_outer.o(.text)
    .text                                    0x0000037a   Section        0  exit.o(.text)
    .text                                    0x0000038c   Section        8  libspace.o(.text)
    .text                                    0x00000394   Section        0  sys_exit.o(.text)
    .text                                    0x000003a0   Section        2  use_no_semi.o(.text)
    .text                                    0x000003a2   Section        0  indicate_semi.o(.text)
    i.FL_DelayInit                           0x000003a4   Section        0  fm33fh0xx_fl.o(i.FL_DelayInit)
    i.FL_DelayMs                             0x000003bc   Section        0  fm33fh0xx_fl.o(i.FL_DelayMs)
    i.FL_DelayUs                             0x000003d4   Section        0  fm33fh0xx_fl.o(i.FL_DelayUs)
    i.FL_Init                                0x00000420   Section        0  fm33fh0xx_fl.o(i.FL_Init)
    i.FL_LPTIM16_Init                        0x00000428   Section        0  fm33fh0xx_fl_lptim16.o(i.FL_LPTIM16_Init)
    i.FL_LPTIM16_StructInit                  0x000005e8   Section        0  fm33fh0xx_fl_lptim16.o(i.FL_LPTIM16_StructInit)
    i.FL_NVIC_Init                           0x00000604   Section        0  fm33fh0xx_fl.o(i.FL_NVIC_Init)
    i.IWDT_Clr                               0x0000067c   Section        0  fm33fh0xx_fl_iwdt.o(i.IWDT_Clr)
    i.LPTIM16_Start                          0x0000068c   Section        0  lptim16.o(i.LPTIM16_Start)
    i.LPTIM16_TIMER_Init                     0x0000069c   Section        0  lptim16.o(i.LPTIM16_TIMER_Init)
    i.LPTIM_IRQHandler                       0x000006f0   Section        0  lptim16.o(i.LPTIM_IRQHandler)
    i.MF_Clock_Init                          0x00000708   Section        0  mf_config.o(i.MF_Clock_Init)
    i.MF_Config_Init                         0x0000070a   Section        0  mf_config.o(i.MF_Config_Init)
    i.MF_SystemClock_Config                  0x0000070c   Section        0  mf_config.o(i.MF_SystemClock_Config)
    i.MUX20_IRQHandler                       0x0000070e   Section        0  lptim16.o(i.MUX20_IRQHandler)
    i.SystemCoreClockUpdate                  0x00000718   Section        0  system_fm33fh0xx.o(i.SystemCoreClockUpdate)
    i.SystemInit                             0x000007c4   Section        0  system_fm33fh0xx.o(i.SystemInit)
    i.SystemPLLClockUpdate                   0x00000894   Section        0  system_fm33fh0xx.o(i.SystemPLLClockUpdate)
    SystemPLLClockUpdate                     0x00000895   Thumb Code   128  system_fm33fh0xx.o(i.SystemPLLClockUpdate)
    i.__ARM_common_switch8                   0x0000092c   Section        0  system_fm33fh0xx.o(i.__ARM_common_switch8)
    i.main                                   0x00000946   Section        0  main.o(i.main)
    .data                                    0x20000000   Section        8  system_fm33fh0xx.o(.data)
    .bss                                     0x20000008   Section       96  libspace.o(.bss)
    HEAP                                     0x20000068   Section     2048  startup_fm33fh0xx.o(HEAP)
    Heap_Mem                                 0x20000068   Data        2048  startup_fm33fh0xx.o(HEAP)
    STACK                                    0x20000868   Section     2048  startup_fm33fh0xx.o(STACK)
    Stack_Mem                                0x20000868   Data        2048  startup_fm33fh0xx.o(STACK)
    __initial_sp                             0x20001068   Data           0  startup_fm33fh0xx.o(STACK)

    Global Symbols

    Symbol Name                              Value     Ov Type        Size  Object(Section)

    BuildAttributes$$THM_ISAv3M$S$PE$A:L22$X:L11$S22$IEEE1$IW$USESV6$~STKCKD$USESV7$~SHL$OSPACE$ROPI$EBA8$UX$STANDARDLIB$REQ8$PRES8$EABIv2 0x00000000   Number         0  anon$$obj.o ABSOLUTE
    __ARM_use_no_argv                        0x00000000   Number         0  main.o ABSOLUTE
    __Vectors                                0x00000000   Data           4  startup_fm33fh0xx.o(RESET)
    __ARM_exceptions_init                     - Undefined Weak Reference
    __alloca_initialize                       - Undefined Weak Reference
    __arm_preinit_                            - Undefined Weak Reference
    __cpp_initialize__aeabi_                  - Undefined Weak Reference
    __cxa_finalize                            - Undefined Weak Reference
    __rt_locale                               - Undefined Weak Reference
    __sigvec_lookup                           - Undefined Weak Reference
    _atexit_init                              - Undefined Weak Reference
    _call_atexit_fns                          - Undefined Weak Reference
    _clock_init                               - Undefined Weak Reference
    _fp_trap_init                             - Undefined Weak Reference
    _fp_trap_shutdown                         - Undefined Weak Reference
    _get_lc_collate                           - Undefined Weak Reference
    _get_lc_ctype                             - Undefined Weak Reference
    _get_lc_monetary                          - Undefined Weak Reference
    _get_lc_numeric                           - Undefined Weak Reference
    _get_lc_time                              - Undefined Weak Reference
    _getenv_init                              - Undefined Weak Reference
    _handle_redirection                       - Undefined Weak Reference
    _init_alloc                               - Undefined Weak Reference
    _init_user_alloc                          - Undefined Weak Reference
    _initio                                   - Undefined Weak Reference
    _rand_init                                - Undefined Weak Reference
    _signal_finish                            - Undefined Weak Reference
    _signal_init                              - Undefined Weak Reference
    _terminate_alloc                          - Undefined Weak Reference
    _terminate_user_alloc                     - Undefined Weak Reference
    _terminateio                              - Undefined Weak Reference
    __Vectors_End                            0x000000c0   Data           0  startup_fm33fh0xx.o(RESET)
    __Vectors_Size                           0x000000c0   Number         0  startup_fm33fh0xx.o ABSOLUTE
    __main                                   0x000000c1   Thumb Code     8  __main.o(!!!main)
    __scatterload                            0x000000c9   Thumb Code     0  __scatter.o(!!!scatter)
    __scatterload_rt2                        0x000000c9   Thumb Code    52  __scatter.o(!!!scatter)
    __scatterload_rt2_thumb_only             0x000000c9   Thumb Code     0  __scatter.o(!!!scatter)
    __scatterload_null                       0x000000d9   Thumb Code     0  __scatter.o(!!!scatter)
    __scatterload_copy                       0x00000105   Thumb Code    26  __scatter_copy.o(!!handler_copy)
    __scatterload_zeroinit                   0x00000121   Thumb Code    28  __scatter_zi.o(!!handler_zi)
    __rt_lib_init                            0x0000013d   Thumb Code     0  libinit.o(.ARM.Collect$$libinit$$00000000)
    __rt_lib_init_alloca_1                   0x0000013f   Thumb Code     0  libinit2.o(.ARM.Collect$$libinit$$0000002E)
    __rt_lib_init_argv_1                     0x0000013f   Thumb Code     0  libinit2.o(.ARM.Collect$$libinit$$0000002C)
    __rt_lib_init_atexit_1                   0x0000013f   Thumb Code     0  libinit2.o(.ARM.Collect$$libinit$$0000001B)
    __rt_lib_init_clock_1                    0x0000013f   Thumb Code     0  libinit2.o(.ARM.Collect$$libinit$$00000021)
    __rt_lib_init_cpp_1                      0x0000013f   Thumb Code     0  libinit2.o(.ARM.Collect$$libinit$$00000032)
    __rt_lib_init_exceptions_1               0x0000013f   Thumb Code     0  libinit2.o(.ARM.Collect$$libinit$$00000030)
    __rt_lib_init_fp_1                       0x0000013f   Thumb Code     0  libinit2.o(.ARM.Collect$$libinit$$00000002)
    __rt_lib_init_fp_trap_1                  0x0000013f   Thumb Code     0  libinit2.o(.ARM.Collect$$libinit$$0000001F)
    __rt_lib_init_getenv_1                   0x0000013f   Thumb Code     0  libinit2.o(.ARM.Collect$$libinit$$00000023)
    __rt_lib_init_heap_1                     0x0000013f   Thumb Code     0  libinit2.o(.ARM.Collect$$libinit$$0000000A)
    __rt_lib_init_lc_collate_1               0x0000013f   Thumb Code     0  libinit2.o(.ARM.Collect$$libinit$$00000011)
    __rt_lib_init_lc_ctype_1                 0x0000013f   Thumb Code     0  libinit2.o(.ARM.Collect$$libinit$$00000013)
    __rt_lib_init_lc_monetary_1              0x0000013f   Thumb Code     0  libinit2.o(.ARM.Collect$$libinit$$00000015)
    __rt_lib_init_lc_numeric_1               0x0000013f   Thumb Code     0  libinit2.o(.ARM.Collect$$libinit$$00000017)
    __rt_lib_init_lc_time_1                  0x0000013f   Thumb Code     0  libinit2.o(.ARM.Collect$$libinit$$00000019)
    __rt_lib_init_preinit_1                  0x0000013f   Thumb Code     0  libinit2.o(.ARM.Collect$$libinit$$00000004)
    __rt_lib_init_rand_1                     0x0000013f   Thumb Code     0  libinit2.o(.ARM.Collect$$libinit$$0000000E)
    __rt_lib_init_return                     0x0000013f   Thumb Code     0  libinit2.o(.ARM.Collect$$libinit$$00000033)
    __rt_lib_init_signal_1                   0x0000013f   Thumb Code     0  libinit2.o(.ARM.Collect$$libinit$$0000001D)
    __rt_lib_init_stdio_1                    0x0000013f   Thumb Code     0  libinit2.o(.ARM.Collect$$libinit$$00000025)
    __rt_lib_init_user_alloc_1               0x0000013f   Thumb Code     0  libinit2.o(.ARM.Collect$$libinit$$0000000C)
    __rt_lib_shutdown                        0x00000141   Thumb Code     0  libshutdown.o(.ARM.Collect$$libshutdown$$00000000)
    __rt_lib_shutdown_cpp_1                  0x00000143   Thumb Code     0  libshutdown2.o(.ARM.Collect$$libshutdown$$00000002)
    __rt_lib_shutdown_fp_trap_1              0x00000143   Thumb Code     0  libshutdown2.o(.ARM.Collect$$libshutdown$$00000007)
    __rt_lib_shutdown_heap_1                 0x00000143   Thumb Code     0  libshutdown2.o(.ARM.Collect$$libshutdown$$0000000F)
    __rt_lib_shutdown_return                 0x00000143   Thumb Code     0  libshutdown2.o(.ARM.Collect$$libshutdown$$00000010)
    __rt_lib_shutdown_signal_1               0x00000143   Thumb Code     0  libshutdown2.o(.ARM.Collect$$libshutdown$$0000000A)
    __rt_lib_shutdown_stdio_1                0x00000143   Thumb Code     0  libshutdown2.o(.ARM.Collect$$libshutdown$$00000004)
    __rt_lib_shutdown_user_alloc_1           0x00000143   Thumb Code     0  libshutdown2.o(.ARM.Collect$$libshutdown$$0000000C)
    __rt_entry                               0x00000145   Thumb Code     0  __rtentry.o(.ARM.Collect$$rtentry$$00000000)
    __rt_entry_presh_1                       0x00000145   Thumb Code     0  __rtentry2.o(.ARM.Collect$$rtentry$$00000002)
    __rt_entry_sh                            0x00000145   Thumb Code     0  __rtentry4.o(.ARM.Collect$$rtentry$$00000004)
    __rt_entry_li                            0x0000014b   Thumb Code     0  __rtentry2.o(.ARM.Collect$$rtentry$$0000000A)
    __rt_entry_postsh_1                      0x0000014b   Thumb Code     0  __rtentry2.o(.ARM.Collect$$rtentry$$00000009)
    __rt_entry_main                          0x0000014f   Thumb Code     0  __rtentry2.o(.ARM.Collect$$rtentry$$0000000D)
    __rt_entry_postli_1                      0x0000014f   Thumb Code     0  __rtentry2.o(.ARM.Collect$$rtentry$$0000000C)
    __rt_exit                                0x00000157   Thumb Code     0  rtexit.o(.ARM.Collect$$rtexit$$00000000)
    __rt_exit_ls                             0x00000159   Thumb Code     0  rtexit2.o(.ARM.Collect$$rtexit$$00000003)
    __rt_exit_prels_1                        0x00000159   Thumb Code     0  rtexit2.o(.ARM.Collect$$rtexit$$00000002)
    __rt_exit_exit                           0x0000015d   Thumb Code     0  rtexit2.o(.ARM.Collect$$rtexit$$00000004)
    Reset_Handler                            0x00000165   Thumb Code     8  startup_fm33fh0xx.o(.text)
    NMI_Handler                              0x0000016d   Thumb Code     2  startup_fm33fh0xx.o(.text)
    HardFault_Handler                        0x0000016f   Thumb Code     2  startup_fm33fh0xx.o(.text)
    SVC_Handler                              0x00000171   Thumb Code     2  startup_fm33fh0xx.o(.text)
    PendSV_Handler                           0x00000173   Thumb Code     2  startup_fm33fh0xx.o(.text)
    SysTick_Handler                          0x00000175   Thumb Code     2  startup_fm33fh0xx.o(.text)
    MUX0_IRQHandler                          0x00000177   Thumb Code     0  startup_fm33fh0xx.o(.text)
    MUX10_IRQHandler                         0x00000177   Thumb Code     0  startup_fm33fh0xx.o(.text)
    MUX11_IRQHandler                         0x00000177   Thumb Code     0  startup_fm33fh0xx.o(.text)
    MUX12_IRQHandler                         0x00000177   Thumb Code     0  startup_fm33fh0xx.o(.text)
    MUX13_IRQHandler                         0x00000177   Thumb Code     0  startup_fm33fh0xx.o(.text)
    MUX14_IRQHandler                         0x00000177   Thumb Code     0  startup_fm33fh0xx.o(.text)
    MUX15_IRQHandler                         0x00000177   Thumb Code     0  startup_fm33fh0xx.o(.text)
    MUX16_IRQHandler                         0x00000177   Thumb Code     0  startup_fm33fh0xx.o(.text)
    MUX17_IRQHandler                         0x00000177   Thumb Code     0  startup_fm33fh0xx.o(.text)
    MUX18_IRQHandler                         0x00000177   Thumb Code     0  startup_fm33fh0xx.o(.text)
    MUX19_IRQHandler                         0x00000177   Thumb Code     0  startup_fm33fh0xx.o(.text)
    MUX1_IRQHandler                          0x00000177   Thumb Code     0  startup_fm33fh0xx.o(.text)
    MUX21_IRQHandler                         0x00000177   Thumb Code     0  startup_fm33fh0xx.o(.text)
    MUX22_IRQHandler                         0x00000177   Thumb Code     0  startup_fm33fh0xx.o(.text)
    MUX23_IRQHandler                         0x00000177   Thumb Code     0  startup_fm33fh0xx.o(.text)
    MUX24_IRQHandler                         0x00000177   Thumb Code     0  startup_fm33fh0xx.o(.text)
    MUX25_IRQHandler                         0x00000177   Thumb Code     0  startup_fm33fh0xx.o(.text)
    MUX26_IRQHandler                         0x00000177   Thumb Code     0  startup_fm33fh0xx.o(.text)
    MUX27_IRQHandler                         0x00000177   Thumb Code     0  startup_fm33fh0xx.o(.text)
    MUX28_IRQHandler                         0x00000177   Thumb Code     0  startup_fm33fh0xx.o(.text)
    MUX29_IRQHandler                         0x00000177   Thumb Code     0  startup_fm33fh0xx.o(.text)
    MUX2_IRQHandler                          0x00000177   Thumb Code     0  startup_fm33fh0xx.o(.text)
    MUX30_IRQHandler                         0x00000177   Thumb Code     0  startup_fm33fh0xx.o(.text)
    MUX31_IRQHandler                         0x00000177   Thumb Code     0  startup_fm33fh0xx.o(.text)
    MUX3_IRQHandler                          0x00000177   Thumb Code     0  startup_fm33fh0xx.o(.text)
    MUX4_IRQHandler                          0x00000177   Thumb Code     0  startup_fm33fh0xx.o(.text)
    MUX5_IRQHandler                          0x00000177   Thumb Code     0  startup_fm33fh0xx.o(.text)
    MUX6_IRQHandler                          0x00000177   Thumb Code     0  startup_fm33fh0xx.o(.text)
    MUX7_IRQHandler                          0x00000177   Thumb Code     0  startup_fm33fh0xx.o(.text)
    MUX8_IRQHandler                          0x00000177   Thumb Code     0  startup_fm33fh0xx.o(.text)
    MUX9_IRQHandler                          0x00000177   Thumb Code     0  startup_fm33fh0xx.o(.text)
    __user_initial_stackheap                 0x00000179   Thumb Code     0  startup_fm33fh0xx.o(.text)
    _memset_w                                0x0000019d   Thumb Code    26  rt_memclr.o(.text)
    _memset                                  0x000001b7   Thumb Code    30  rt_memclr.o(.text)
    __aeabi_memclr                           0x000001d5   Thumb Code     4  rt_memclr.o(.text)
    __rt_memclr                              0x000001d5   Thumb Code     0  rt_memclr.o(.text)
    __aeabi_memclr4                          0x000001d9   Thumb Code     0  rt_memclr.o(.text)
    __aeabi_memclr8                          0x000001d9   Thumb Code     0  rt_memclr.o(.text)
    __rt_memclr_w                            0x000001d9   Thumb Code     4  rt_memclr.o(.text)
    __aeabi_uidiv                            0x000001dd   Thumb Code     0  aeabi_sdiv.o(.text)
    __aeabi_uidivmod                         0x000001dd   Thumb Code    20  aeabi_sdiv.o(.text)
    __aeabi_idiv                             0x000001f1   Thumb Code     0  aeabi_sdiv.o(.text)
    __aeabi_idivmod                          0x000001f1   Thumb Code   326  aeabi_sdiv.o(.text)
    __use_two_region_memory                  0x00000337   Thumb Code     2  heapauxi.o(.text)
    __rt_heap_escrow$2region                 0x00000339   Thumb Code     2  heapauxi.o(.text)
    __rt_heap_expand$2region                 0x0000033b   Thumb Code     2  heapauxi.o(.text)
    __user_setup_stackheap                   0x0000033d   Thumb Code    62  sys_stackheap_outer.o(.text)
    exit                                     0x0000037b   Thumb Code    16  exit.o(.text)
    __user_libspace                          0x0000038d   Thumb Code     8  libspace.o(.text)
    __user_perproc_libspace                  0x0000038d   Thumb Code     0  libspace.o(.text)
    __user_perthread_libspace                0x0000038d   Thumb Code     0  libspace.o(.text)
    _sys_exit                                0x00000395   Thumb Code     8  sys_exit.o(.text)
    __I$use$semihosting                      0x000003a1   Thumb Code     0  use_no_semi.o(.text)
    __use_no_semihosting_swi                 0x000003a1   Thumb Code     2  use_no_semi.o(.text)
    __semihosting_library_function           0x000003a3   Thumb Code     0  indicate_semi.o(.text)
    FL_DelayInit                             0x000003a5   Thumb Code    20  fm33fh0xx_fl.o(i.FL_DelayInit)
    FL_DelayMs                               0x000003bd   Thumb Code    24  fm33fh0xx_fl.o(i.FL_DelayMs)
    FL_DelayUs                               0x000003d5   Thumb Code    62  fm33fh0xx_fl.o(i.FL_DelayUs)
    FL_Init                                  0x00000421   Thumb Code     8  fm33fh0xx_fl.o(i.FL_Init)
    FL_LPTIM16_Init                          0x00000429   Thumb Code   438  fm33fh0xx_fl_lptim16.o(i.FL_LPTIM16_Init)
    FL_LPTIM16_StructInit                    0x000005e9   Thumb Code    26  fm33fh0xx_fl_lptim16.o(i.FL_LPTIM16_StructInit)
    FL_NVIC_Init                             0x00000605   Thumb Code   106  fm33fh0xx_fl.o(i.FL_NVIC_Init)
    IWDT_Clr                                 0x0000067d   Thumb Code     8  fm33fh0xx_fl_iwdt.o(i.IWDT_Clr)
    LPTIM16_Start                            0x0000068d   Thumb Code    12  lptim16.o(i.LPTIM16_Start)
    LPTIM16_TIMER_Init                       0x0000069d   Thumb Code    76  lptim16.o(i.LPTIM16_TIMER_Init)
    LPTIM_IRQHandler                         0x000006f1   Thumb Code    18  lptim16.o(i.LPTIM_IRQHandler)
    MF_Clock_Init                            0x00000709   Thumb Code     2  mf_config.o(i.MF_Clock_Init)
    MF_Config_Init                           0x0000070b   Thumb Code     2  mf_config.o(i.MF_Config_Init)
    MF_SystemClock_Config                    0x0000070d   Thumb Code     2  mf_config.o(i.MF_SystemClock_Config)
    MUX20_IRQHandler                         0x0000070f   Thumb Code     8  lptim16.o(i.MUX20_IRQHandler)
    SystemCoreClockUpdate                    0x00000719   Thumb Code   146  system_fm33fh0xx.o(i.SystemCoreClockUpdate)
    SystemInit                               0x000007c5   Thumb Code   172  system_fm33fh0xx.o(i.SystemInit)
    __ARM_common_switch8                     0x0000092d   Thumb Code    26  system_fm33fh0xx.o(i.__ARM_common_switch8)
    main                                     0x00000947   Thumb Code    36  main.o(i.main)
    Region$$Table$$Base                      0x0000096c   Number         0  anon$$obj.o(Region$$Table)
    Region$$Table$$Limit                     0x0000098c   Number         0  anon$$obj.o(Region$$Table)
    XTHFClock                                0x20000000   Data           4  system_fm33fh0xx.o(.data)
    SystemCoreClock                          0x20000004   Data           4  system_fm33fh0xx.o(.data)
    __libspace_start                         0x20000008   Data          96  libspace.o(.bss)
    __temporary_stack_top$libspace           0x20000068   Data           0  libspace.o(.bss)



==============================================================================

Memory Map of the image

  Image Entry point : 0x000000c1

  Load Region LR_IROM1 (Base: 0x00000000, Size: 0x00000994, Max: 0x00020000, ABSOLUTE)

    Execution Region ER_IROM1 (Exec base: 0x00000000, Load base: 0x00000000, Size: 0x0000098c, Max: 0x00020000, ABSOLUTE)

    Exec Addr    Load Addr    Size         Type   Attr      Idx    E Section Name        Object

    0x00000000   0x00000000   0x000000c0   Data   RO            3    RESET               startup_fm33fh0xx.o
    0x000000c0   0x000000c0   0x00000008   Code   RO         2145  * !!!main             c_p.l(__main.o)
    0x000000c8   0x000000c8   0x0000003c   Code   RO         2314    !!!scatter          c_p.l(__scatter.o)
    0x00000104   0x00000104   0x0000001a   Code   RO         2316    !!handler_copy      c_p.l(__scatter_copy.o)
    0x0000011e   0x0000011e   0x00000002   PAD
    0x00000120   0x00000120   0x0000001c   Code   RO         2318    !!handler_zi        c_p.l(__scatter_zi.o)
    0x0000013c   0x0000013c   0x00000002   Code   RO         2183    .ARM.Collect$$libinit$$00000000  c_p.l(libinit.o)
    0x0000013e   0x0000013e   0x00000000   Code   RO         2197    .ARM.Collect$$libinit$$00000002  c_p.l(libinit2.o)
    0x0000013e   0x0000013e   0x00000000   Code   RO         2199    .ARM.Collect$$libinit$$00000004  c_p.l(libinit2.o)
    0x0000013e   0x0000013e   0x00000000   Code   RO         2202    .ARM.Collect$$libinit$$0000000A  c_p.l(libinit2.o)
    0x0000013e   0x0000013e   0x00000000   Code   RO         2204    .ARM.Collect$$libinit$$0000000C  c_p.l(libinit2.o)
    0x0000013e   0x0000013e   0x00000000   Code   RO         2206    .ARM.Collect$$libinit$$0000000E  c_p.l(libinit2.o)
    0x0000013e   0x0000013e   0x00000000   Code   RO         2209    .ARM.Collect$$libinit$$00000011  c_p.l(libinit2.o)
    0x0000013e   0x0000013e   0x00000000   Code   RO         2211    .ARM.Collect$$libinit$$00000013  c_p.l(libinit2.o)
    0x0000013e   0x0000013e   0x00000000   Code   RO         2213    .ARM.Collect$$libinit$$00000015  c_p.l(libinit2.o)
    0x0000013e   0x0000013e   0x00000000   Code   RO         2215    .ARM.Collect$$libinit$$00000017  c_p.l(libinit2.o)
    0x0000013e   0x0000013e   0x00000000   Code   RO         2217    .ARM.Collect$$libinit$$00000019  c_p.l(libinit2.o)
    0x0000013e   0x0000013e   0x00000000   Code   RO         2219    .ARM.Collect$$libinit$$0000001B  c_p.l(libinit2.o)
    0x0000013e   0x0000013e   0x00000000   Code   RO         2221    .ARM.Collect$$libinit$$0000001D  c_p.l(libinit2.o)
    0x0000013e   0x0000013e   0x00000000   Code   RO         2223    .ARM.Collect$$libinit$$0000001F  c_p.l(libinit2.o)
    0x0000013e   0x0000013e   0x00000000   Code   RO         2225    .ARM.Collect$$libinit$$00000021  c_p.l(libinit2.o)
    0x0000013e   0x0000013e   0x00000000   Code   RO         2227    .ARM.Collect$$libinit$$00000023  c_p.l(libinit2.o)
    0x0000013e   0x0000013e   0x00000000   Code   RO         2229    .ARM.Collect$$libinit$$00000025  c_p.l(libinit2.o)
    0x0000013e   0x0000013e   0x00000000   Code   RO         2233    .ARM.Collect$$libinit$$0000002C  c_p.l(libinit2.o)
    0x0000013e   0x0000013e   0x00000000   Code   RO         2235    .ARM.Collect$$libinit$$0000002E  c_p.l(libinit2.o)
    0x0000013e   0x0000013e   0x00000000   Code   RO         2237    .ARM.Collect$$libinit$$00000030  c_p.l(libinit2.o)
    0x0000013e   0x0000013e   0x00000000   Code   RO         2239    .ARM.Collect$$libinit$$00000032  c_p.l(libinit2.o)
    0x0000013e   0x0000013e   0x00000002   Code   RO         2240    .ARM.Collect$$libinit$$00000033  c_p.l(libinit2.o)
    0x00000140   0x00000140   0x00000002   Code   RO         2271    .ARM.Collect$$libshutdown$$00000000  c_p.l(libshutdown.o)
    0x00000142   0x00000142   0x00000000   Code   RO         2297    .ARM.Collect$$libshutdown$$00000002  c_p.l(libshutdown2.o)
    0x00000142   0x00000142   0x00000000   Code   RO         2299    .ARM.Collect$$libshutdown$$00000004  c_p.l(libshutdown2.o)
    0x00000142   0x00000142   0x00000000   Code   RO         2302    .ARM.Collect$$libshutdown$$00000007  c_p.l(libshutdown2.o)
    0x00000142   0x00000142   0x00000000   Code   RO         2305    .ARM.Collect$$libshutdown$$0000000A  c_p.l(libshutdown2.o)
    0x00000142   0x00000142   0x00000000   Code   RO         2307    .ARM.Collect$$libshutdown$$0000000C  c_p.l(libshutdown2.o)
    0x00000142   0x00000142   0x00000000   Code   RO         2310    .ARM.Collect$$libshutdown$$0000000F  c_p.l(libshutdown2.o)
    0x00000142   0x00000142   0x00000002   Code   RO         2311    .ARM.Collect$$libshutdown$$00000010  c_p.l(libshutdown2.o)
    0x00000144   0x00000144   0x00000000   Code   RO         2147    .ARM.Collect$$rtentry$$00000000  c_p.l(__rtentry.o)
    0x00000144   0x00000144   0x00000000   Code   RO         2153    .ARM.Collect$$rtentry$$00000002  c_p.l(__rtentry2.o)
    0x00000144   0x00000144   0x00000006   Code   RO         2165    .ARM.Collect$$rtentry$$00000004  c_p.l(__rtentry4.o)
    0x0000014a   0x0000014a   0x00000000   Code   RO         2155    .ARM.Collect$$rtentry$$00000009  c_p.l(__rtentry2.o)
    0x0000014a   0x0000014a   0x00000004   Code   RO         2156    .ARM.Collect$$rtentry$$0000000A  c_p.l(__rtentry2.o)
    0x0000014e   0x0000014e   0x00000000   Code   RO         2158    .ARM.Collect$$rtentry$$0000000C  c_p.l(__rtentry2.o)
    0x0000014e   0x0000014e   0x00000008   Code   RO         2159    .ARM.Collect$$rtentry$$0000000D  c_p.l(__rtentry2.o)
    0x00000156   0x00000156   0x00000002   Code   RO         2188    .ARM.Collect$$rtexit$$00000000  c_p.l(rtexit.o)
    0x00000158   0x00000158   0x00000000   Code   RO         2244    .ARM.Collect$$rtexit$$00000002  c_p.l(rtexit2.o)
    0x00000158   0x00000158   0x00000004   Code   RO         2245    .ARM.Collect$$rtexit$$00000003  c_p.l(rtexit2.o)
    0x0000015c   0x0000015c   0x00000006   Code   RO         2246    .ARM.Collect$$rtexit$$00000004  c_p.l(rtexit2.o)
    0x00000162   0x00000162   0x00000002   PAD
    0x00000164   0x00000164   0x00000038   Code   RO            4    .text               startup_fm33fh0xx.o
    0x0000019c   0x0000019c   0x00000040   Code   RO         2137    .text               c_p.l(rt_memclr.o)
    0x000001dc   0x000001dc   0x0000015a   Code   RO         2139    .text               c_p.l(aeabi_sdiv.o)
    0x00000336   0x00000336   0x00000006   Code   RO         2143    .text               c_p.l(heapauxi.o)
    0x0000033c   0x0000033c   0x0000003e   Code   RO         2169    .text               c_p.l(sys_stackheap_outer.o)
    0x0000037a   0x0000037a   0x00000010   Code   RO         2172    .text               c_p.l(exit.o)
    0x0000038a   0x0000038a   0x00000002   PAD
    0x0000038c   0x0000038c   0x00000008   Code   RO         2184    .text               c_p.l(libspace.o)
    0x00000394   0x00000394   0x0000000c   Code   RO         2241    .text               c_p.l(sys_exit.o)
    0x000003a0   0x000003a0   0x00000002   Code   RO         2260    .text               c_p.l(use_no_semi.o)
    0x000003a2   0x000003a2   0x00000000   Code   RO         2262    .text               c_p.l(indicate_semi.o)
    0x000003a2   0x000003a2   0x00000002   PAD
    0x000003a4   0x000003a4   0x00000018   Code   RO          307    i.FL_DelayInit      fm33fh0xx_fl.o
    0x000003bc   0x000003bc   0x00000018   Code   RO          308    i.FL_DelayMs        fm33fh0xx_fl.o
    0x000003d4   0x000003d4   0x0000004c   Code   RO          310    i.FL_DelayUs        fm33fh0xx_fl.o
    0x00000420   0x00000420   0x00000008   Code   RO          312    i.FL_Init           fm33fh0xx_fl.o
    0x00000428   0x00000428   0x000001c0   Code   RO         1352    i.FL_LPTIM16_Init   fm33fh0xx_fl_lptim16.o
    0x000005e8   0x000005e8   0x0000001a   Code   RO         1356    i.FL_LPTIM16_StructInit  fm33fh0xx_fl_lptim16.o
    0x00000602   0x00000602   0x00000002   PAD
    0x00000604   0x00000604   0x00000078   Code   RO          313    i.FL_NVIC_Init      fm33fh0xx_fl.o
    0x0000067c   0x0000067c   0x00000010   Code   RO         1311    i.IWDT_Clr          fm33fh0xx_fl_iwdt.o
    0x0000068c   0x0000068c   0x00000010   Code   RO          225    i.LPTIM16_Start     lptim16.o
    0x0000069c   0x0000069c   0x00000054   Code   RO          226    i.LPTIM16_TIMER_Init  lptim16.o
    0x000006f0   0x000006f0   0x00000018   Code   RO          227    i.LPTIM_IRQHandler  lptim16.o
    0x00000708   0x00000708   0x00000002   Code   RO           13    i.MF_Clock_Init     mf_config.o
    0x0000070a   0x0000070a   0x00000002   Code   RO           14    i.MF_Config_Init    mf_config.o
    0x0000070c   0x0000070c   0x00000002   Code   RO           15    i.MF_SystemClock_Config  mf_config.o
    0x0000070e   0x0000070e   0x00000008   Code   RO          228    i.MUX20_IRQHandler  lptim16.o
    0x00000716   0x00000716   0x00000002   PAD
    0x00000718   0x00000718   0x000000ac   Code   RO          266    i.SystemCoreClockUpdate  system_fm33fh0xx.o
    0x000007c4   0x000007c4   0x000000d0   Code   RO          267    i.SystemInit        system_fm33fh0xx.o
    0x00000894   0x00000894   0x00000098   Code   RO          268    i.SystemPLLClockUpdate  system_fm33fh0xx.o
    0x0000092c   0x0000092c   0x0000001a   Code   RO          296    i.__ARM_common_switch8  system_fm33fh0xx.o
    0x00000946   0x00000946   0x00000024   Code   RO          186    i.main              main.o
    0x0000096a   0x0000096a   0x00000002   PAD
    0x0000096c   0x0000096c   0x00000020   Data   RO         2312    Region$$Table       anon$$obj.o


    Execution Region RW_IRAM1 (Exec base: 0x20000000, Load base: 0x0000098c, Size: 0x00001068, Max: 0x00008000, ABSOLUTE)

    Exec Addr    Load Addr    Size         Type   Attr      Idx    E Section Name        Object

    0x20000000   0x0000098c   0x00000008   Data   RW          270    .data               system_fm33fh0xx.o
    0x20000008        -       0x00000060   Zero   RW         2185    .bss                c_p.l(libspace.o)
    0x20000068        -       0x00000800   Zero   RW            2    HEAP                startup_fm33fh0xx.o
    0x20000868        -       0x00000800   Zero   RW            1    STACK               startup_fm33fh0xx.o


==============================================================================

Image component sizes


      Code (inc. data)   RO Data    RW Data    ZI Data      Debug   Object Name

       252         32          0          0          0      10326   fm33fh0xx_fl.o
        16          8          0          0          0        495   fm33fh0xx_fl_iwdt.o
       474         10          0          0          0      43194   fm33fh0xx_fl_lptim16.o
       132         18          0          0          0      14935   lptim16.o
        36          0          0          0          0        463   main.o
         6          0          0          0          0      23557   mf_config.o
        56         26        192          0       4096        768   startup_fm33fh0xx.o
       558        106          0          8          0       2471   system_fm33fh0xx.o

    ----------------------------------------------------------------------
      1536        200        224          8       4096      96209   Object Totals
         0          0         32          0          0          0   (incl. Generated)
         6          0          0          0          0          0   (incl. Padding)

    ----------------------------------------------------------------------

      Code (inc. data)   RO Data    RW Data    ZI Data      Debug   Library Member Name

         8          0          0          0          0         68   __main.o
         0          0          0          0          0          0   __rtentry.o
        12          0          0          0          0          0   __rtentry2.o
         6          0          0          0          0          0   __rtentry4.o
        60          8          0          0          0          0   __scatter.o
        26          0          0          0          0          0   __scatter_copy.o
        28          0          0          0          0          0   __scatter_zi.o
       346          0          0          0          0         92   aeabi_sdiv.o
        16          0          0          0          0         68   exit.o
         6          0          0          0          0        136   heapauxi.o
         0          0          0          0          0          0   indicate_semi.o
         2          0          0          0          0          0   libinit.o
         2          0          0          0          0          0   libinit2.o
         2          0          0          0          0          0   libshutdown.o
         2          0          0          0          0          0   libshutdown2.o
         8          4          0          0         96         68   libspace.o
        64          0          0          0          0        108   rt_memclr.o
         2          0          0          0          0          0   rtexit.o
        10          0          0          0          0          0   rtexit2.o
        12          4          0          0          0         60   sys_exit.o
        62          0          0          0          0         80   sys_stackheap_outer.o
         2          0          0          0          0         68   use_no_semi.o

    ----------------------------------------------------------------------
       684         16          0          0         96        748   Library Totals
         8          0          0          0          0          0   (incl. Padding)

    ----------------------------------------------------------------------

      Code (inc. data)   RO Data    RW Data    ZI Data      Debug   Library Name

       676         16          0          0         96        748   c_p.l

    ----------------------------------------------------------------------
       684         16          0          0         96        748   Library Totals

    ----------------------------------------------------------------------

==============================================================================


      Code (inc. data)   RO Data    RW Data    ZI Data      Debug   

      2220        216        224          8       4192      96021   Grand Totals
      2220        216        224          8       4192      96021   ELF Image Totals
      2220        216        224          8          0          0   ROM Totals

==============================================================================

    Total RO  Size (Code + RO Data)                 2444 (   2.39kB)
    Total RW  Size (RW Data + ZI Data)              4200 (   4.10kB)
    Total ROM Size (Code + RO Data + RW Data)       2452 (   2.39kB)

==============================================================================

