<html>
<body>
<pre>
<h1>µVision Build Log</h1>
<h2>Tool Versions:</h2>
IDE-Version: ¦ÌVision V5.27.1.0
Copyright (C) 2019 ARM Ltd and ARM Germany GmbH. All rights reserved.
License Information: P nouri, 1, LIC=CZLZX-HXWSH-RADDM-XU4AL-QM637-BQ9RV
 
Tool Versions:
Toolchain:       MDK-ARM Plus  Version: 5.27.1.0
Toolchain Path:  C:\Keil_v5\ARM\ARMCC\Bin
C Compiler:      Armcc.exe V5.06 update 6 (build 750)
Assembler:       Armasm.exe V5.06 update 6 (build 750)
Linker/Locator:  ArmLink.exe V5.06 update 6 (build 750)
Library Manager: ArmAr.exe V5.06 update 6 (build 750)
Hex Converter:   FromElf.exe V5.06 update 6 (build 750)
CPU DLL:         SARMCM3.DLL V5.27.1.0
Dialog DLL:      DARMCM1.DLL V1.19.2.0
Target DLL:      UL2CM3.DLL V1.162.15.0
Dialog DLL:      TARMCM1.DLL V1.14.1.0
 
<h2>Project:</h2>
C:\Users\nouriP\Downloads\FM33FH0XX_DEMO_IAR+V1.02\QSPI_QPI\LPTIM16_Timing\MDK-ARM\FM33FH0XX_Tester.uvprojx
Project File Date:  06/23/2025

<h2>Output:</h2>
*** Using Compiler 'V5.06 update 6 (build 750)', folder: 'C:\Keil_v5\ARM\ARMCC\Bin'
Rebuild target 'Example'
assembling startup_fm33fh0xx.s...
compiling system_fm33fh0xx.c...
compiling fm33fh0xx_fl.c...
compiling fm33fh0xx_fl_cmu.c...
compiling fm33fh0xx_fl_pmu.c...
compiling fm33fh0xx_fl_bstim16.c...
compiling fm33fh0xx_fl_adc.c...
compiling fm33fh0xx_fl_atim.c...
compiling fm33fh0xx_fl_iwdt.c...
compiling mf_config.c...
compiling fm33fh0xx_fl_lpuart.c...
compiling main.c...
compiling fm33fh0xx_fl_exti.c...
compiling lptim16.c...
compiling fm33fh0xx_fl_spi.c...
compiling fm33fh0xx_fl_canfd.c...
compiling fm33fh0xx_fl_qspi.c...
compiling fm33fh0xx_fl_rtc.c...
compiling fm33fh0xx_fl_dma.c...
compiling fm33fh0xx_fl_dac.c...
compiling fm33fh0xx_fl_lptim16.c...
compiling fm33fh0xx_fl_clm.c...
compiling fm33fh0xx_fl_gpio.c...
compiling fm33fh0xx_fl_comp.c...
compiling fm33fh0xx_fl_tau.c...
compiling fm33fh0xx_fl_wwdt.c...
compiling fm33fh0xx_fl_i2c.c...
compiling fm33fh0xx_fl_uart.c...
compiling fm33fh0xx_fl_crc.c...
compiling fm33fh0xx_fl_sent.c...
compiling fm33fh0xx_fl_svd.c...
compiling fm33fh0xx_fl_flash.c...
linking...
Program Size: Code=2220 RO-data=224 RW-data=8 ZI-data=4192  
FromELF: creating hex file...
".\Objects\FM33FH0xx_Tester.axf" - 0 Error(s), 0 Warning(s).

<h2>Software Packages used:</h2>

Package Vendor: FMSH
                https://fmdevelopers.oss-cn-shanghai.aliyuncs.com/FMSH.FM33FH0XX_DFP.1.0.0.pack
                FMSH.FM33FH0XX_DFP.1.0.0
                FMSH ARM Cortex-M0 Device Family Pack

<h2>Collection of Component include folders:</h2>
  .\RTE\_Example
  C:\Users\nouriP\AppData\Local\Arm\Packs\FMSH\FM33FH0XX_DFP\1.0.0\Device\Include

<h2>Collection of Component Files used:</h2>
Build Time Elapsed:  00:00:05
</pre>
</body>
</html>
