<!doctype html public "-//w3c//dtd html 4.0 transitional//en">
<html><head>
<title>Static Call Graph - [.\Objects\FM33FH0xx_Tester.axf]</title></head>
<body><HR>
<H1>Static Call Graph for image .\Objects\FM33FH0xx_Tester.axf</H1><HR>
<BR><P>#&#060CALLGRAPH&#062# ARM Linker, 5060750: Last Updated: Mon Jun 23 18:28:58 2025
<BR><P>
<H3>Maximum Stack Usage =         68 bytes + Unknown(Functions without stacksize, Cycles, Untraceable Function Pointers)</H3><H3>
Call chain for Maximum Stack Depth:</H3>
__rt_entry_main &rArr; main &rArr; LPTIM16_TIMER_Init &rArr; FL_LPTIM16_Init
<P>
<H3>
Functions with no stack information
</H3><UL>
 <LI><a href="#[42]">__user_initial_stackheap</a>
</UL>
</UL>
<P>
<H3>
Mutually Recursive functions
</H3> <LI><a href="#[6]">NMI_Handler</a>&nbsp;&nbsp;&nbsp;&rArr;&nbsp;&nbsp;&nbsp;<a href="#[6]">NMI_Handler</a><BR>
 <LI><a href="#[7]">HardFault_Handler</a>&nbsp;&nbsp;&nbsp;&rArr;&nbsp;&nbsp;&nbsp;<a href="#[7]">HardFault_Handler</a><BR>
 <LI><a href="#[8]">SVC_Handler</a>&nbsp;&nbsp;&nbsp;&rArr;&nbsp;&nbsp;&nbsp;<a href="#[8]">SVC_Handler</a><BR>
 <LI><a href="#[9]">PendSV_Handler</a>&nbsp;&nbsp;&nbsp;&rArr;&nbsp;&nbsp;&nbsp;<a href="#[9]">PendSV_Handler</a><BR>
 <LI><a href="#[a]">SysTick_Handler</a>&nbsp;&nbsp;&nbsp;&rArr;&nbsp;&nbsp;&nbsp;<a href="#[a]">SysTick_Handler</a><BR>
 <LI><a href="#[b]">MUX0_IRQHandler</a>&nbsp;&nbsp;&nbsp;&rArr;&nbsp;&nbsp;&nbsp;<a href="#[b]">MUX0_IRQHandler</a><BR>
</UL>
<P>
<H3>
Function Pointers
</H3><UL>
 <LI><a href="#[7]">HardFault_Handler</a> from startup_fm33fh0xx.o(.text) referenced from startup_fm33fh0xx.o(RESET)
 <LI><a href="#[b]">MUX0_IRQHandler</a> from startup_fm33fh0xx.o(.text) referenced from startup_fm33fh0xx.o(RESET)
 <LI><a href="#[15]">MUX10_IRQHandler</a> from startup_fm33fh0xx.o(.text) referenced from startup_fm33fh0xx.o(RESET)
 <LI><a href="#[16]">MUX11_IRQHandler</a> from startup_fm33fh0xx.o(.text) referenced from startup_fm33fh0xx.o(RESET)
 <LI><a href="#[17]">MUX12_IRQHandler</a> from startup_fm33fh0xx.o(.text) referenced from startup_fm33fh0xx.o(RESET)
 <LI><a href="#[18]">MUX13_IRQHandler</a> from startup_fm33fh0xx.o(.text) referenced from startup_fm33fh0xx.o(RESET)
 <LI><a href="#[19]">MUX14_IRQHandler</a> from startup_fm33fh0xx.o(.text) referenced from startup_fm33fh0xx.o(RESET)
 <LI><a href="#[1a]">MUX15_IRQHandler</a> from startup_fm33fh0xx.o(.text) referenced from startup_fm33fh0xx.o(RESET)
 <LI><a href="#[1b]">MUX16_IRQHandler</a> from startup_fm33fh0xx.o(.text) referenced from startup_fm33fh0xx.o(RESET)
 <LI><a href="#[1c]">MUX17_IRQHandler</a> from startup_fm33fh0xx.o(.text) referenced from startup_fm33fh0xx.o(RESET)
 <LI><a href="#[1d]">MUX18_IRQHandler</a> from startup_fm33fh0xx.o(.text) referenced from startup_fm33fh0xx.o(RESET)
 <LI><a href="#[1e]">MUX19_IRQHandler</a> from startup_fm33fh0xx.o(.text) referenced from startup_fm33fh0xx.o(RESET)
 <LI><a href="#[c]">MUX1_IRQHandler</a> from startup_fm33fh0xx.o(.text) referenced from startup_fm33fh0xx.o(RESET)
 <LI><a href="#[1f]">MUX20_IRQHandler</a> from lptim16.o(i.MUX20_IRQHandler) referenced from startup_fm33fh0xx.o(RESET)
 <LI><a href="#[20]">MUX21_IRQHandler</a> from startup_fm33fh0xx.o(.text) referenced from startup_fm33fh0xx.o(RESET)
 <LI><a href="#[21]">MUX22_IRQHandler</a> from startup_fm33fh0xx.o(.text) referenced from startup_fm33fh0xx.o(RESET)
 <LI><a href="#[22]">MUX23_IRQHandler</a> from startup_fm33fh0xx.o(.text) referenced from startup_fm33fh0xx.o(RESET)
 <LI><a href="#[23]">MUX24_IRQHandler</a> from startup_fm33fh0xx.o(.text) referenced from startup_fm33fh0xx.o(RESET)
 <LI><a href="#[24]">MUX25_IRQHandler</a> from startup_fm33fh0xx.o(.text) referenced from startup_fm33fh0xx.o(RESET)
 <LI><a href="#[25]">MUX26_IRQHandler</a> from startup_fm33fh0xx.o(.text) referenced from startup_fm33fh0xx.o(RESET)
 <LI><a href="#[26]">MUX27_IRQHandler</a> from startup_fm33fh0xx.o(.text) referenced from startup_fm33fh0xx.o(RESET)
 <LI><a href="#[27]">MUX28_IRQHandler</a> from startup_fm33fh0xx.o(.text) referenced from startup_fm33fh0xx.o(RESET)
 <LI><a href="#[28]">MUX29_IRQHandler</a> from startup_fm33fh0xx.o(.text) referenced from startup_fm33fh0xx.o(RESET)
 <LI><a href="#[d]">MUX2_IRQHandler</a> from startup_fm33fh0xx.o(.text) referenced from startup_fm33fh0xx.o(RESET)
 <LI><a href="#[29]">MUX30_IRQHandler</a> from startup_fm33fh0xx.o(.text) referenced from startup_fm33fh0xx.o(RESET)
 <LI><a href="#[2a]">MUX31_IRQHandler</a> from startup_fm33fh0xx.o(.text) referenced from startup_fm33fh0xx.o(RESET)
 <LI><a href="#[e]">MUX3_IRQHandler</a> from startup_fm33fh0xx.o(.text) referenced from startup_fm33fh0xx.o(RESET)
 <LI><a href="#[f]">MUX4_IRQHandler</a> from startup_fm33fh0xx.o(.text) referenced from startup_fm33fh0xx.o(RESET)
 <LI><a href="#[10]">MUX5_IRQHandler</a> from startup_fm33fh0xx.o(.text) referenced from startup_fm33fh0xx.o(RESET)
 <LI><a href="#[11]">MUX6_IRQHandler</a> from startup_fm33fh0xx.o(.text) referenced from startup_fm33fh0xx.o(RESET)
 <LI><a href="#[12]">MUX7_IRQHandler</a> from startup_fm33fh0xx.o(.text) referenced from startup_fm33fh0xx.o(RESET)
 <LI><a href="#[13]">MUX8_IRQHandler</a> from startup_fm33fh0xx.o(.text) referenced from startup_fm33fh0xx.o(RESET)
 <LI><a href="#[14]">MUX9_IRQHandler</a> from startup_fm33fh0xx.o(.text) referenced from startup_fm33fh0xx.o(RESET)
 <LI><a href="#[6]">NMI_Handler</a> from startup_fm33fh0xx.o(.text) referenced from startup_fm33fh0xx.o(RESET)
 <LI><a href="#[9]">PendSV_Handler</a> from startup_fm33fh0xx.o(.text) referenced from startup_fm33fh0xx.o(RESET)
 <LI><a href="#[5]">Reset_Handler</a> from startup_fm33fh0xx.o(.text) referenced from startup_fm33fh0xx.o(RESET)
 <LI><a href="#[8]">SVC_Handler</a> from startup_fm33fh0xx.o(.text) referenced from startup_fm33fh0xx.o(RESET)
 <LI><a href="#[a]">SysTick_Handler</a> from startup_fm33fh0xx.o(.text) referenced from startup_fm33fh0xx.o(RESET)
 <LI><a href="#[2b]">SystemInit</a> from system_fm33fh0xx.o(i.SystemInit) referenced from startup_fm33fh0xx.o(.text)
 <LI><a href="#[2d]">__main</a> from __main.o(!!!main) referenced from startup_fm33fh0xx.o(.text)
</UL>
<P>
<H3>
Global Symbols
</H3>
<P><STRONG><a name="[2d]"></a>__main</STRONG> (Thumb, 8 bytes, Stack size 0 bytes, __main.o(!!!main))
<BR><BR>[Calls]<UL><LI><a href="#[2f]">&gt;&gt;</a>&nbsp;&nbsp;&nbsp;__rt_entry
<LI><a href="#[2e]">&gt;&gt;</a>&nbsp;&nbsp;&nbsp;__scatterload
</UL>

<P><STRONG><a name="[2e]"></a>__scatterload</STRONG> (Thumb, 0 bytes, Stack size unknown bytes, __scatter.o(!!!scatter))
<BR><BR>[Called By]<UL><LI><a href="#[2d]">&gt;&gt;</a>&nbsp;&nbsp;&nbsp;__main
</UL>

<P><STRONG><a name="[30]"></a>__scatterload_rt2</STRONG> (Thumb, 52 bytes, Stack size unknown bytes, __scatter.o(!!!scatter), UNUSED)
<BR><BR>[Calls]<UL><LI><a href="#[2f]">&gt;&gt;</a>&nbsp;&nbsp;&nbsp;__rt_entry
</UL>

<P><STRONG><a name="[58]"></a>__scatterload_rt2_thumb_only</STRONG> (Thumb, 0 bytes, Stack size unknown bytes, __scatter.o(!!!scatter), UNUSED)

<P><STRONG><a name="[59]"></a>__scatterload_null</STRONG> (Thumb, 0 bytes, Stack size unknown bytes, __scatter.o(!!!scatter), UNUSED)

<P><STRONG><a name="[31]"></a>__scatterload_copy</STRONG> (Thumb, 26 bytes, Stack size unknown bytes, __scatter_copy.o(!!handler_copy), UNUSED)
<BR><BR>[Calls]<UL><LI><a href="#[31]">&gt;&gt;</a>&nbsp;&nbsp;&nbsp;__scatterload_copy
</UL>
<BR>[Called By]<UL><LI><a href="#[31]">&gt;&gt;</a>&nbsp;&nbsp;&nbsp;__scatterload_copy
</UL>

<P><STRONG><a name="[5a]"></a>__scatterload_zeroinit</STRONG> (Thumb, 28 bytes, Stack size unknown bytes, __scatter_zi.o(!!handler_zi), UNUSED)

<P><STRONG><a name="[35]"></a>__rt_lib_init</STRONG> (Thumb, 0 bytes, Stack size unknown bytes, libinit.o(.ARM.Collect$$libinit$$00000000))
<BR><BR>[Called By]<UL><LI><a href="#[34]">&gt;&gt;</a>&nbsp;&nbsp;&nbsp;__rt_entry_li
</UL>

<P><STRONG><a name="[5b]"></a>__rt_lib_init_alloca_1</STRONG> (Thumb, 0 bytes, Stack size unknown bytes, libinit2.o(.ARM.Collect$$libinit$$0000002E))

<P><STRONG><a name="[5c]"></a>__rt_lib_init_argv_1</STRONG> (Thumb, 0 bytes, Stack size unknown bytes, libinit2.o(.ARM.Collect$$libinit$$0000002C))

<P><STRONG><a name="[5d]"></a>__rt_lib_init_atexit_1</STRONG> (Thumb, 0 bytes, Stack size unknown bytes, libinit2.o(.ARM.Collect$$libinit$$0000001B))

<P><STRONG><a name="[5e]"></a>__rt_lib_init_clock_1</STRONG> (Thumb, 0 bytes, Stack size unknown bytes, libinit2.o(.ARM.Collect$$libinit$$00000021))

<P><STRONG><a name="[5f]"></a>__rt_lib_init_cpp_1</STRONG> (Thumb, 0 bytes, Stack size unknown bytes, libinit2.o(.ARM.Collect$$libinit$$00000032))

<P><STRONG><a name="[60]"></a>__rt_lib_init_exceptions_1</STRONG> (Thumb, 0 bytes, Stack size unknown bytes, libinit2.o(.ARM.Collect$$libinit$$00000030))

<P><STRONG><a name="[61]"></a>__rt_lib_init_fp_1</STRONG> (Thumb, 0 bytes, Stack size unknown bytes, libinit2.o(.ARM.Collect$$libinit$$00000002))

<P><STRONG><a name="[62]"></a>__rt_lib_init_fp_trap_1</STRONG> (Thumb, 0 bytes, Stack size unknown bytes, libinit2.o(.ARM.Collect$$libinit$$0000001F))

<P><STRONG><a name="[63]"></a>__rt_lib_init_getenv_1</STRONG> (Thumb, 0 bytes, Stack size unknown bytes, libinit2.o(.ARM.Collect$$libinit$$00000023))

<P><STRONG><a name="[64]"></a>__rt_lib_init_heap_1</STRONG> (Thumb, 0 bytes, Stack size unknown bytes, libinit2.o(.ARM.Collect$$libinit$$0000000A))

<P><STRONG><a name="[65]"></a>__rt_lib_init_lc_collate_1</STRONG> (Thumb, 0 bytes, Stack size unknown bytes, libinit2.o(.ARM.Collect$$libinit$$00000011))

<P><STRONG><a name="[66]"></a>__rt_lib_init_lc_ctype_1</STRONG> (Thumb, 0 bytes, Stack size unknown bytes, libinit2.o(.ARM.Collect$$libinit$$00000013))

<P><STRONG><a name="[67]"></a>__rt_lib_init_lc_monetary_1</STRONG> (Thumb, 0 bytes, Stack size unknown bytes, libinit2.o(.ARM.Collect$$libinit$$00000015))

<P><STRONG><a name="[68]"></a>__rt_lib_init_lc_numeric_1</STRONG> (Thumb, 0 bytes, Stack size unknown bytes, libinit2.o(.ARM.Collect$$libinit$$00000017))

<P><STRONG><a name="[69]"></a>__rt_lib_init_lc_time_1</STRONG> (Thumb, 0 bytes, Stack size unknown bytes, libinit2.o(.ARM.Collect$$libinit$$00000019))

<P><STRONG><a name="[6a]"></a>__rt_lib_init_preinit_1</STRONG> (Thumb, 0 bytes, Stack size unknown bytes, libinit2.o(.ARM.Collect$$libinit$$00000004))

<P><STRONG><a name="[6b]"></a>__rt_lib_init_rand_1</STRONG> (Thumb, 0 bytes, Stack size unknown bytes, libinit2.o(.ARM.Collect$$libinit$$0000000E))

<P><STRONG><a name="[6c]"></a>__rt_lib_init_return</STRONG> (Thumb, 0 bytes, Stack size unknown bytes, libinit2.o(.ARM.Collect$$libinit$$00000033))

<P><STRONG><a name="[6d]"></a>__rt_lib_init_signal_1</STRONG> (Thumb, 0 bytes, Stack size unknown bytes, libinit2.o(.ARM.Collect$$libinit$$0000001D))

<P><STRONG><a name="[6e]"></a>__rt_lib_init_stdio_1</STRONG> (Thumb, 0 bytes, Stack size unknown bytes, libinit2.o(.ARM.Collect$$libinit$$00000025))

<P><STRONG><a name="[6f]"></a>__rt_lib_init_user_alloc_1</STRONG> (Thumb, 0 bytes, Stack size unknown bytes, libinit2.o(.ARM.Collect$$libinit$$0000000C))

<P><STRONG><a name="[3a]"></a>__rt_lib_shutdown</STRONG> (Thumb, 0 bytes, Stack size unknown bytes, libshutdown.o(.ARM.Collect$$libshutdown$$00000000))
<BR><BR>[Called By]<UL><LI><a href="#[39]">&gt;&gt;</a>&nbsp;&nbsp;&nbsp;__rt_exit_ls
</UL>

<P><STRONG><a name="[70]"></a>__rt_lib_shutdown_cpp_1</STRONG> (Thumb, 0 bytes, Stack size unknown bytes, libshutdown2.o(.ARM.Collect$$libshutdown$$00000002))

<P><STRONG><a name="[71]"></a>__rt_lib_shutdown_fp_trap_1</STRONG> (Thumb, 0 bytes, Stack size unknown bytes, libshutdown2.o(.ARM.Collect$$libshutdown$$00000007))

<P><STRONG><a name="[72]"></a>__rt_lib_shutdown_heap_1</STRONG> (Thumb, 0 bytes, Stack size unknown bytes, libshutdown2.o(.ARM.Collect$$libshutdown$$0000000F))

<P><STRONG><a name="[73]"></a>__rt_lib_shutdown_return</STRONG> (Thumb, 0 bytes, Stack size unknown bytes, libshutdown2.o(.ARM.Collect$$libshutdown$$00000010))

<P><STRONG><a name="[74]"></a>__rt_lib_shutdown_signal_1</STRONG> (Thumb, 0 bytes, Stack size unknown bytes, libshutdown2.o(.ARM.Collect$$libshutdown$$0000000A))

<P><STRONG><a name="[75]"></a>__rt_lib_shutdown_stdio_1</STRONG> (Thumb, 0 bytes, Stack size unknown bytes, libshutdown2.o(.ARM.Collect$$libshutdown$$00000004))

<P><STRONG><a name="[76]"></a>__rt_lib_shutdown_user_alloc_1</STRONG> (Thumb, 0 bytes, Stack size unknown bytes, libshutdown2.o(.ARM.Collect$$libshutdown$$0000000C))

<P><STRONG><a name="[2f]"></a>__rt_entry</STRONG> (Thumb, 0 bytes, Stack size unknown bytes, __rtentry.o(.ARM.Collect$$rtentry$$00000000))
<BR><BR>[Called By]<UL><LI><a href="#[2d]">&gt;&gt;</a>&nbsp;&nbsp;&nbsp;__main
<LI><a href="#[30]">&gt;&gt;</a>&nbsp;&nbsp;&nbsp;__scatterload_rt2
</UL>

<P><STRONG><a name="[77]"></a>__rt_entry_presh_1</STRONG> (Thumb, 0 bytes, Stack size unknown bytes, __rtentry2.o(.ARM.Collect$$rtentry$$00000002))

<P><STRONG><a name="[32]"></a>__rt_entry_sh</STRONG> (Thumb, 0 bytes, Stack size unknown bytes, __rtentry4.o(.ARM.Collect$$rtentry$$00000004))
<BR><BR>[Stack]<UL><LI>Max Depth = 8 + Unknown Stack Size
<LI>Call Chain = __rt_entry_sh &rArr; __user_setup_stackheap
</UL>
<BR>[Calls]<UL><LI><a href="#[33]">&gt;&gt;</a>&nbsp;&nbsp;&nbsp;__user_setup_stackheap
</UL>

<P><STRONG><a name="[34]"></a>__rt_entry_li</STRONG> (Thumb, 0 bytes, Stack size unknown bytes, __rtentry2.o(.ARM.Collect$$rtentry$$0000000A))
<BR><BR>[Calls]<UL><LI><a href="#[35]">&gt;&gt;</a>&nbsp;&nbsp;&nbsp;__rt_lib_init
</UL>

<P><STRONG><a name="[78]"></a>__rt_entry_postsh_1</STRONG> (Thumb, 0 bytes, Stack size unknown bytes, __rtentry2.o(.ARM.Collect$$rtentry$$00000009))

<P><STRONG><a name="[36]"></a>__rt_entry_main</STRONG> (Thumb, 0 bytes, Stack size unknown bytes, __rtentry2.o(.ARM.Collect$$rtentry$$0000000D))
<BR><BR>[Stack]<UL><LI>Max Depth = 68 + Unknown Stack Size
<LI>Call Chain = __rt_entry_main &rArr; main &rArr; LPTIM16_TIMER_Init &rArr; FL_LPTIM16_Init
</UL>
<BR>[Calls]<UL><LI><a href="#[37]">&gt;&gt;</a>&nbsp;&nbsp;&nbsp;main
<LI><a href="#[38]">&gt;&gt;</a>&nbsp;&nbsp;&nbsp;exit
</UL>

<P><STRONG><a name="[79]"></a>__rt_entry_postli_1</STRONG> (Thumb, 0 bytes, Stack size unknown bytes, __rtentry2.o(.ARM.Collect$$rtentry$$0000000C))

<P><STRONG><a name="[44]"></a>__rt_exit</STRONG> (Thumb, 0 bytes, Stack size unknown bytes, rtexit.o(.ARM.Collect$$rtexit$$00000000))
<BR><BR>[Called By]<UL><LI><a href="#[38]">&gt;&gt;</a>&nbsp;&nbsp;&nbsp;exit
</UL>

<P><STRONG><a name="[39]"></a>__rt_exit_ls</STRONG> (Thumb, 0 bytes, Stack size unknown bytes, rtexit2.o(.ARM.Collect$$rtexit$$00000003))
<BR><BR>[Calls]<UL><LI><a href="#[3a]">&gt;&gt;</a>&nbsp;&nbsp;&nbsp;__rt_lib_shutdown
</UL>

<P><STRONG><a name="[7a]"></a>__rt_exit_prels_1</STRONG> (Thumb, 0 bytes, Stack size unknown bytes, rtexit2.o(.ARM.Collect$$rtexit$$00000002))

<P><STRONG><a name="[3b]"></a>__rt_exit_exit</STRONG> (Thumb, 0 bytes, Stack size unknown bytes, rtexit2.o(.ARM.Collect$$rtexit$$00000004))
<BR><BR>[Calls]<UL><LI><a href="#[3c]">&gt;&gt;</a>&nbsp;&nbsp;&nbsp;_sys_exit
</UL>

<P><STRONG><a name="[5]"></a>Reset_Handler</STRONG> (Thumb, 8 bytes, Stack size 0 bytes, startup_fm33fh0xx.o(.text))
<BR>[Address Reference Count : 1]<UL><LI> startup_fm33fh0xx.o(RESET)
</UL>
<P><STRONG><a name="[6]"></a>NMI_Handler</STRONG> (Thumb, 2 bytes, Stack size 0 bytes, startup_fm33fh0xx.o(.text))
<BR><BR>[Calls]<UL><LI><a href="#[6]">&gt;&gt;</a>&nbsp;&nbsp;&nbsp;NMI_Handler
</UL>
<BR>[Called By]<UL><LI><a href="#[6]">&gt;&gt;</a>&nbsp;&nbsp;&nbsp;NMI_Handler
</UL>
<BR>[Address Reference Count : 1]<UL><LI> startup_fm33fh0xx.o(RESET)
</UL>
<P><STRONG><a name="[7]"></a>HardFault_Handler</STRONG> (Thumb, 2 bytes, Stack size 0 bytes, startup_fm33fh0xx.o(.text))
<BR><BR>[Calls]<UL><LI><a href="#[7]">&gt;&gt;</a>&nbsp;&nbsp;&nbsp;HardFault_Handler
</UL>
<BR>[Called By]<UL><LI><a href="#[7]">&gt;&gt;</a>&nbsp;&nbsp;&nbsp;HardFault_Handler
</UL>
<BR>[Address Reference Count : 1]<UL><LI> startup_fm33fh0xx.o(RESET)
</UL>
<P><STRONG><a name="[8]"></a>SVC_Handler</STRONG> (Thumb, 2 bytes, Stack size 0 bytes, startup_fm33fh0xx.o(.text))
<BR><BR>[Calls]<UL><LI><a href="#[8]">&gt;&gt;</a>&nbsp;&nbsp;&nbsp;SVC_Handler
</UL>
<BR>[Called By]<UL><LI><a href="#[8]">&gt;&gt;</a>&nbsp;&nbsp;&nbsp;SVC_Handler
</UL>
<BR>[Address Reference Count : 1]<UL><LI> startup_fm33fh0xx.o(RESET)
</UL>
<P><STRONG><a name="[9]"></a>PendSV_Handler</STRONG> (Thumb, 2 bytes, Stack size 0 bytes, startup_fm33fh0xx.o(.text))
<BR><BR>[Calls]<UL><LI><a href="#[9]">&gt;&gt;</a>&nbsp;&nbsp;&nbsp;PendSV_Handler
</UL>
<BR>[Called By]<UL><LI><a href="#[9]">&gt;&gt;</a>&nbsp;&nbsp;&nbsp;PendSV_Handler
</UL>
<BR>[Address Reference Count : 1]<UL><LI> startup_fm33fh0xx.o(RESET)
</UL>
<P><STRONG><a name="[a]"></a>SysTick_Handler</STRONG> (Thumb, 2 bytes, Stack size 0 bytes, startup_fm33fh0xx.o(.text))
<BR><BR>[Calls]<UL><LI><a href="#[a]">&gt;&gt;</a>&nbsp;&nbsp;&nbsp;SysTick_Handler
</UL>
<BR>[Called By]<UL><LI><a href="#[a]">&gt;&gt;</a>&nbsp;&nbsp;&nbsp;SysTick_Handler
</UL>
<BR>[Address Reference Count : 1]<UL><LI> startup_fm33fh0xx.o(RESET)
</UL>
<P><STRONG><a name="[b]"></a>MUX0_IRQHandler</STRONG> (Thumb, 0 bytes, Stack size 0 bytes, startup_fm33fh0xx.o(.text))
<BR><BR>[Calls]<UL><LI><a href="#[b]">&gt;&gt;</a>&nbsp;&nbsp;&nbsp;MUX0_IRQHandler
</UL>
<BR>[Called By]<UL><LI><a href="#[b]">&gt;&gt;</a>&nbsp;&nbsp;&nbsp;MUX0_IRQHandler
</UL>
<BR>[Address Reference Count : 1]<UL><LI> startup_fm33fh0xx.o(RESET)
</UL>
<P><STRONG><a name="[15]"></a>MUX10_IRQHandler</STRONG> (Thumb, 0 bytes, Stack size 0 bytes, startup_fm33fh0xx.o(.text))
<BR>[Address Reference Count : 1]<UL><LI> startup_fm33fh0xx.o(RESET)
</UL>
<P><STRONG><a name="[16]"></a>MUX11_IRQHandler</STRONG> (Thumb, 0 bytes, Stack size 0 bytes, startup_fm33fh0xx.o(.text))
<BR>[Address Reference Count : 1]<UL><LI> startup_fm33fh0xx.o(RESET)
</UL>
<P><STRONG><a name="[17]"></a>MUX12_IRQHandler</STRONG> (Thumb, 0 bytes, Stack size 0 bytes, startup_fm33fh0xx.o(.text))
<BR>[Address Reference Count : 1]<UL><LI> startup_fm33fh0xx.o(RESET)
</UL>
<P><STRONG><a name="[18]"></a>MUX13_IRQHandler</STRONG> (Thumb, 0 bytes, Stack size 0 bytes, startup_fm33fh0xx.o(.text))
<BR>[Address Reference Count : 1]<UL><LI> startup_fm33fh0xx.o(RESET)
</UL>
<P><STRONG><a name="[19]"></a>MUX14_IRQHandler</STRONG> (Thumb, 0 bytes, Stack size 0 bytes, startup_fm33fh0xx.o(.text))
<BR>[Address Reference Count : 1]<UL><LI> startup_fm33fh0xx.o(RESET)
</UL>
<P><STRONG><a name="[1a]"></a>MUX15_IRQHandler</STRONG> (Thumb, 0 bytes, Stack size 0 bytes, startup_fm33fh0xx.o(.text))
<BR>[Address Reference Count : 1]<UL><LI> startup_fm33fh0xx.o(RESET)
</UL>
<P><STRONG><a name="[1b]"></a>MUX16_IRQHandler</STRONG> (Thumb, 0 bytes, Stack size 0 bytes, startup_fm33fh0xx.o(.text))
<BR>[Address Reference Count : 1]<UL><LI> startup_fm33fh0xx.o(RESET)
</UL>
<P><STRONG><a name="[1c]"></a>MUX17_IRQHandler</STRONG> (Thumb, 0 bytes, Stack size 0 bytes, startup_fm33fh0xx.o(.text))
<BR>[Address Reference Count : 1]<UL><LI> startup_fm33fh0xx.o(RESET)
</UL>
<P><STRONG><a name="[1d]"></a>MUX18_IRQHandler</STRONG> (Thumb, 0 bytes, Stack size 0 bytes, startup_fm33fh0xx.o(.text))
<BR>[Address Reference Count : 1]<UL><LI> startup_fm33fh0xx.o(RESET)
</UL>
<P><STRONG><a name="[1e]"></a>MUX19_IRQHandler</STRONG> (Thumb, 0 bytes, Stack size 0 bytes, startup_fm33fh0xx.o(.text))
<BR>[Address Reference Count : 1]<UL><LI> startup_fm33fh0xx.o(RESET)
</UL>
<P><STRONG><a name="[c]"></a>MUX1_IRQHandler</STRONG> (Thumb, 0 bytes, Stack size 0 bytes, startup_fm33fh0xx.o(.text))
<BR>[Address Reference Count : 1]<UL><LI> startup_fm33fh0xx.o(RESET)
</UL>
<P><STRONG><a name="[20]"></a>MUX21_IRQHandler</STRONG> (Thumb, 0 bytes, Stack size 0 bytes, startup_fm33fh0xx.o(.text))
<BR>[Address Reference Count : 1]<UL><LI> startup_fm33fh0xx.o(RESET)
</UL>
<P><STRONG><a name="[21]"></a>MUX22_IRQHandler</STRONG> (Thumb, 0 bytes, Stack size 0 bytes, startup_fm33fh0xx.o(.text))
<BR>[Address Reference Count : 1]<UL><LI> startup_fm33fh0xx.o(RESET)
</UL>
<P><STRONG><a name="[22]"></a>MUX23_IRQHandler</STRONG> (Thumb, 0 bytes, Stack size 0 bytes, startup_fm33fh0xx.o(.text))
<BR>[Address Reference Count : 1]<UL><LI> startup_fm33fh0xx.o(RESET)
</UL>
<P><STRONG><a name="[23]"></a>MUX24_IRQHandler</STRONG> (Thumb, 0 bytes, Stack size 0 bytes, startup_fm33fh0xx.o(.text))
<BR>[Address Reference Count : 1]<UL><LI> startup_fm33fh0xx.o(RESET)
</UL>
<P><STRONG><a name="[24]"></a>MUX25_IRQHandler</STRONG> (Thumb, 0 bytes, Stack size 0 bytes, startup_fm33fh0xx.o(.text))
<BR>[Address Reference Count : 1]<UL><LI> startup_fm33fh0xx.o(RESET)
</UL>
<P><STRONG><a name="[25]"></a>MUX26_IRQHandler</STRONG> (Thumb, 0 bytes, Stack size 0 bytes, startup_fm33fh0xx.o(.text))
<BR>[Address Reference Count : 1]<UL><LI> startup_fm33fh0xx.o(RESET)
</UL>
<P><STRONG><a name="[26]"></a>MUX27_IRQHandler</STRONG> (Thumb, 0 bytes, Stack size 0 bytes, startup_fm33fh0xx.o(.text))
<BR>[Address Reference Count : 1]<UL><LI> startup_fm33fh0xx.o(RESET)
</UL>
<P><STRONG><a name="[27]"></a>MUX28_IRQHandler</STRONG> (Thumb, 0 bytes, Stack size 0 bytes, startup_fm33fh0xx.o(.text))
<BR>[Address Reference Count : 1]<UL><LI> startup_fm33fh0xx.o(RESET)
</UL>
<P><STRONG><a name="[28]"></a>MUX29_IRQHandler</STRONG> (Thumb, 0 bytes, Stack size 0 bytes, startup_fm33fh0xx.o(.text))
<BR>[Address Reference Count : 1]<UL><LI> startup_fm33fh0xx.o(RESET)
</UL>
<P><STRONG><a name="[d]"></a>MUX2_IRQHandler</STRONG> (Thumb, 0 bytes, Stack size 0 bytes, startup_fm33fh0xx.o(.text))
<BR>[Address Reference Count : 1]<UL><LI> startup_fm33fh0xx.o(RESET)
</UL>
<P><STRONG><a name="[29]"></a>MUX30_IRQHandler</STRONG> (Thumb, 0 bytes, Stack size 0 bytes, startup_fm33fh0xx.o(.text))
<BR>[Address Reference Count : 1]<UL><LI> startup_fm33fh0xx.o(RESET)
</UL>
<P><STRONG><a name="[2a]"></a>MUX31_IRQHandler</STRONG> (Thumb, 0 bytes, Stack size 0 bytes, startup_fm33fh0xx.o(.text))
<BR>[Address Reference Count : 1]<UL><LI> startup_fm33fh0xx.o(RESET)
</UL>
<P><STRONG><a name="[e]"></a>MUX3_IRQHandler</STRONG> (Thumb, 0 bytes, Stack size 0 bytes, startup_fm33fh0xx.o(.text))
<BR>[Address Reference Count : 1]<UL><LI> startup_fm33fh0xx.o(RESET)
</UL>
<P><STRONG><a name="[f]"></a>MUX4_IRQHandler</STRONG> (Thumb, 0 bytes, Stack size 0 bytes, startup_fm33fh0xx.o(.text))
<BR>[Address Reference Count : 1]<UL><LI> startup_fm33fh0xx.o(RESET)
</UL>
<P><STRONG><a name="[10]"></a>MUX5_IRQHandler</STRONG> (Thumb, 0 bytes, Stack size 0 bytes, startup_fm33fh0xx.o(.text))
<BR>[Address Reference Count : 1]<UL><LI> startup_fm33fh0xx.o(RESET)
</UL>
<P><STRONG><a name="[11]"></a>MUX6_IRQHandler</STRONG> (Thumb, 0 bytes, Stack size 0 bytes, startup_fm33fh0xx.o(.text))
<BR>[Address Reference Count : 1]<UL><LI> startup_fm33fh0xx.o(RESET)
</UL>
<P><STRONG><a name="[12]"></a>MUX7_IRQHandler</STRONG> (Thumb, 0 bytes, Stack size 0 bytes, startup_fm33fh0xx.o(.text))
<BR>[Address Reference Count : 1]<UL><LI> startup_fm33fh0xx.o(RESET)
</UL>
<P><STRONG><a name="[13]"></a>MUX8_IRQHandler</STRONG> (Thumb, 0 bytes, Stack size 0 bytes, startup_fm33fh0xx.o(.text))
<BR>[Address Reference Count : 1]<UL><LI> startup_fm33fh0xx.o(RESET)
</UL>
<P><STRONG><a name="[14]"></a>MUX9_IRQHandler</STRONG> (Thumb, 0 bytes, Stack size 0 bytes, startup_fm33fh0xx.o(.text))
<BR>[Address Reference Count : 1]<UL><LI> startup_fm33fh0xx.o(RESET)
</UL>
<P><STRONG><a name="[42]"></a>__user_initial_stackheap</STRONG> (Thumb, 0 bytes, Stack size unknown bytes, startup_fm33fh0xx.o(.text))
<BR><BR>[Called By]<UL><LI><a href="#[33]">&gt;&gt;</a>&nbsp;&nbsp;&nbsp;__user_setup_stackheap
</UL>

<P><STRONG><a name="[3e]"></a>_memset_w</STRONG> (Thumb, 26 bytes, Stack size 0 bytes, rt_memclr.o(.text), UNUSED)
<BR><BR>[Called By]<UL><LI><a href="#[40]">&gt;&gt;</a>&nbsp;&nbsp;&nbsp;__rt_memclr_w
<LI><a href="#[3d]">&gt;&gt;</a>&nbsp;&nbsp;&nbsp;_memset
</UL>

<P><STRONG><a name="[3d]"></a>_memset</STRONG> (Thumb, 30 bytes, Stack size 0 bytes, rt_memclr.o(.text), UNUSED)
<BR><BR>[Calls]<UL><LI><a href="#[3e]">&gt;&gt;</a>&nbsp;&nbsp;&nbsp;_memset_w
</UL>
<BR>[Called By]<UL><LI><a href="#[3f]">&gt;&gt;</a>&nbsp;&nbsp;&nbsp;__aeabi_memclr
</UL>

<P><STRONG><a name="[3f]"></a>__aeabi_memclr</STRONG> (Thumb, 4 bytes, Stack size 0 bytes, rt_memclr.o(.text), UNUSED)
<BR><BR>[Calls]<UL><LI><a href="#[3d]">&gt;&gt;</a>&nbsp;&nbsp;&nbsp;_memset
</UL>

<P><STRONG><a name="[7b]"></a>__rt_memclr</STRONG> (Thumb, 0 bytes, Stack size 0 bytes, rt_memclr.o(.text), UNUSED)

<P><STRONG><a name="[4b]"></a>__aeabi_memclr4</STRONG> (Thumb, 0 bytes, Stack size 0 bytes, rt_memclr.o(.text))
<BR><BR>[Called By]<UL><LI><a href="#[4a]">&gt;&gt;</a>&nbsp;&nbsp;&nbsp;LPTIM16_TIMER_Init
</UL>

<P><STRONG><a name="[7c]"></a>__aeabi_memclr8</STRONG> (Thumb, 0 bytes, Stack size 0 bytes, rt_memclr.o(.text), UNUSED)

<P><STRONG><a name="[40]"></a>__rt_memclr_w</STRONG> (Thumb, 4 bytes, Stack size 0 bytes, rt_memclr.o(.text), UNUSED)
<BR><BR>[Calls]<UL><LI><a href="#[3e]">&gt;&gt;</a>&nbsp;&nbsp;&nbsp;_memset_w
</UL>

<P><STRONG><a name="[7d]"></a>__aeabi_uidiv</STRONG> (Thumb, 0 bytes, Stack size 0 bytes, aeabi_sdiv.o(.text), UNUSED)

<P><STRONG><a name="[47]"></a>__aeabi_uidivmod</STRONG> (Thumb, 20 bytes, Stack size 0 bytes, aeabi_sdiv.o(.text))
<BR><BR>[Called By]<UL><LI><a href="#[46]">&gt;&gt;</a>&nbsp;&nbsp;&nbsp;FL_DelayUs
<LI><a href="#[52]">&gt;&gt;</a>&nbsp;&nbsp;&nbsp;SystemPLLClockUpdate
</UL>

<P><STRONG><a name="[7e]"></a>__aeabi_idiv</STRONG> (Thumb, 0 bytes, Stack size 8 bytes, aeabi_sdiv.o(.text), UNUSED)

<P><STRONG><a name="[7f]"></a>__aeabi_idivmod</STRONG> (Thumb, 326 bytes, Stack size 8 bytes, aeabi_sdiv.o(.text), UNUSED)

<P><STRONG><a name="[80]"></a>__use_two_region_memory</STRONG> (Thumb, 2 bytes, Stack size 0 bytes, heapauxi.o(.text), UNUSED)

<P><STRONG><a name="[81]"></a>__rt_heap_escrow$2region</STRONG> (Thumb, 2 bytes, Stack size 0 bytes, heapauxi.o(.text), UNUSED)

<P><STRONG><a name="[82]"></a>__rt_heap_expand$2region</STRONG> (Thumb, 2 bytes, Stack size 0 bytes, heapauxi.o(.text), UNUSED)

<P><STRONG><a name="[33]"></a>__user_setup_stackheap</STRONG> (Thumb, 62 bytes, Stack size 8 bytes, sys_stackheap_outer.o(.text))
<BR><BR>[Stack]<UL><LI>Max Depth = 8 + Unknown Stack Size
<LI>Call Chain = __user_setup_stackheap
</UL>
<BR>[Calls]<UL><LI><a href="#[42]">&gt;&gt;</a>&nbsp;&nbsp;&nbsp;__user_initial_stackheap
<LI><a href="#[41]">&gt;&gt;</a>&nbsp;&nbsp;&nbsp;__user_perproc_libspace
</UL>
<BR>[Called By]<UL><LI><a href="#[32]">&gt;&gt;</a>&nbsp;&nbsp;&nbsp;__rt_entry_sh
</UL>

<P><STRONG><a name="[38]"></a>exit</STRONG> (Thumb, 16 bytes, Stack size 8 bytes, exit.o(.text))
<BR><BR>[Stack]<UL><LI>Max Depth = 8 + Unknown Stack Size
<LI>Call Chain = exit
</UL>
<BR>[Calls]<UL><LI><a href="#[44]">&gt;&gt;</a>&nbsp;&nbsp;&nbsp;__rt_exit
<LI><a href="#[43]">&gt;&gt;</a>&nbsp;&nbsp;&nbsp;_call_atexit_fns (Weak Reference)
</UL>
<BR>[Called By]<UL><LI><a href="#[36]">&gt;&gt;</a>&nbsp;&nbsp;&nbsp;__rt_entry_main
</UL>

<P><STRONG><a name="[83]"></a>__user_libspace</STRONG> (Thumb, 8 bytes, Stack size 0 bytes, libspace.o(.text), UNUSED)

<P><STRONG><a name="[41]"></a>__user_perproc_libspace</STRONG> (Thumb, 0 bytes, Stack size 0 bytes, libspace.o(.text))
<BR><BR>[Called By]<UL><LI><a href="#[33]">&gt;&gt;</a>&nbsp;&nbsp;&nbsp;__user_setup_stackheap
</UL>

<P><STRONG><a name="[84]"></a>__user_perthread_libspace</STRONG> (Thumb, 0 bytes, Stack size 0 bytes, libspace.o(.text), UNUSED)

<P><STRONG><a name="[3c]"></a>_sys_exit</STRONG> (Thumb, 8 bytes, Stack size 0 bytes, sys_exit.o(.text))
<BR><BR>[Called By]<UL><LI><a href="#[3b]">&gt;&gt;</a>&nbsp;&nbsp;&nbsp;__rt_exit_exit
</UL>

<P><STRONG><a name="[85]"></a>__I$use$semihosting</STRONG> (Thumb, 0 bytes, Stack size 0 bytes, use_no_semi.o(.text), UNUSED)

<P><STRONG><a name="[86]"></a>__use_no_semihosting_swi</STRONG> (Thumb, 2 bytes, Stack size 0 bytes, use_no_semi.o(.text), UNUSED)

<P><STRONG><a name="[87]"></a>__semihosting_library_function</STRONG> (Thumb, 0 bytes, Stack size unknown bytes, indicate_semi.o(.text), UNUSED)

<P><STRONG><a name="[49]"></a>FL_DelayInit</STRONG> (Thumb, 20 bytes, Stack size 0 bytes, fm33fh0xx_fl.o(i.FL_DelayInit))
<BR><BR>[Called By]<UL><LI><a href="#[48]">&gt;&gt;</a>&nbsp;&nbsp;&nbsp;FL_Init
</UL>

<P><STRONG><a name="[45]"></a>FL_DelayMs</STRONG> (Thumb, 24 bytes, Stack size 16 bytes, fm33fh0xx_fl.o(i.FL_DelayMs))
<BR><BR>[Stack]<UL><LI>Max Depth = 24<LI>Call Chain = FL_DelayMs &rArr; FL_DelayUs
</UL>
<BR>[Calls]<UL><LI><a href="#[46]">&gt;&gt;</a>&nbsp;&nbsp;&nbsp;FL_DelayUs
</UL>
<BR>[Called By]<UL><LI><a href="#[37]">&gt;&gt;</a>&nbsp;&nbsp;&nbsp;main
</UL>

<P><STRONG><a name="[46]"></a>FL_DelayUs</STRONG> (Thumb, 62 bytes, Stack size 8 bytes, fm33fh0xx_fl.o(i.FL_DelayUs))
<BR><BR>[Stack]<UL><LI>Max Depth = 8<LI>Call Chain = FL_DelayUs
</UL>
<BR>[Calls]<UL><LI><a href="#[47]">&gt;&gt;</a>&nbsp;&nbsp;&nbsp;__aeabi_uidivmod
</UL>
<BR>[Called By]<UL><LI><a href="#[45]">&gt;&gt;</a>&nbsp;&nbsp;&nbsp;FL_DelayMs
</UL>

<P><STRONG><a name="[48]"></a>FL_Init</STRONG> (Thumb, 8 bytes, Stack size 8 bytes, fm33fh0xx_fl.o(i.FL_Init))
<BR><BR>[Stack]<UL><LI>Max Depth = 8<LI>Call Chain = FL_Init
</UL>
<BR>[Calls]<UL><LI><a href="#[49]">&gt;&gt;</a>&nbsp;&nbsp;&nbsp;FL_DelayInit
</UL>
<BR>[Called By]<UL><LI><a href="#[37]">&gt;&gt;</a>&nbsp;&nbsp;&nbsp;main
</UL>

<P><STRONG><a name="[4d]"></a>FL_LPTIM16_Init</STRONG> (Thumb, 438 bytes, Stack size 20 bytes, fm33fh0xx_fl_lptim16.o(i.FL_LPTIM16_Init))
<BR><BR>[Stack]<UL><LI>Max Depth = 20<LI>Call Chain = FL_LPTIM16_Init
</UL>
<BR>[Called By]<UL><LI><a href="#[4a]">&gt;&gt;</a>&nbsp;&nbsp;&nbsp;LPTIM16_TIMER_Init
</UL>

<P><STRONG><a name="[4c]"></a>FL_LPTIM16_StructInit</STRONG> (Thumb, 26 bytes, Stack size 0 bytes, fm33fh0xx_fl_lptim16.o(i.FL_LPTIM16_StructInit))
<BR><BR>[Called By]<UL><LI><a href="#[4a]">&gt;&gt;</a>&nbsp;&nbsp;&nbsp;LPTIM16_TIMER_Init
</UL>

<P><STRONG><a name="[4e]"></a>FL_NVIC_Init</STRONG> (Thumb, 106 bytes, Stack size 16 bytes, fm33fh0xx_fl.o(i.FL_NVIC_Init))
<BR><BR>[Stack]<UL><LI>Max Depth = 16<LI>Call Chain = FL_NVIC_Init
</UL>
<BR>[Called By]<UL><LI><a href="#[4a]">&gt;&gt;</a>&nbsp;&nbsp;&nbsp;LPTIM16_TIMER_Init
</UL>

<P><STRONG><a name="[57]"></a>IWDT_Clr</STRONG> (Thumb, 8 bytes, Stack size 0 bytes, fm33fh0xx_fl_iwdt.o(i.IWDT_Clr))
<BR><BR>[Called By]<UL><LI><a href="#[37]">&gt;&gt;</a>&nbsp;&nbsp;&nbsp;main
</UL>

<P><STRONG><a name="[56]"></a>LPTIM16_Start</STRONG> (Thumb, 12 bytes, Stack size 0 bytes, lptim16.o(i.LPTIM16_Start))
<BR><BR>[Called By]<UL><LI><a href="#[37]">&gt;&gt;</a>&nbsp;&nbsp;&nbsp;main
</UL>

<P><STRONG><a name="[4a]"></a>LPTIM16_TIMER_Init</STRONG> (Thumb, 76 bytes, Stack size 48 bytes, lptim16.o(i.LPTIM16_TIMER_Init))
<BR><BR>[Stack]<UL><LI>Max Depth = 68<LI>Call Chain = LPTIM16_TIMER_Init &rArr; FL_LPTIM16_Init
</UL>
<BR>[Calls]<UL><LI><a href="#[4e]">&gt;&gt;</a>&nbsp;&nbsp;&nbsp;FL_NVIC_Init
<LI><a href="#[4c]">&gt;&gt;</a>&nbsp;&nbsp;&nbsp;FL_LPTIM16_StructInit
<LI><a href="#[4d]">&gt;&gt;</a>&nbsp;&nbsp;&nbsp;FL_LPTIM16_Init
<LI><a href="#[4b]">&gt;&gt;</a>&nbsp;&nbsp;&nbsp;__aeabi_memclr4
</UL>
<BR>[Called By]<UL><LI><a href="#[37]">&gt;&gt;</a>&nbsp;&nbsp;&nbsp;main
</UL>

<P><STRONG><a name="[4f]"></a>LPTIM_IRQHandler</STRONG> (Thumb, 18 bytes, Stack size 0 bytes, lptim16.o(i.LPTIM_IRQHandler))
<BR><BR>[Called By]<UL><LI><a href="#[1f]">&gt;&gt;</a>&nbsp;&nbsp;&nbsp;MUX20_IRQHandler
</UL>

<P><STRONG><a name="[53]"></a>MF_Clock_Init</STRONG> (Thumb, 2 bytes, Stack size 0 bytes, mf_config.o(i.MF_Clock_Init))
<BR><BR>[Called By]<UL><LI><a href="#[37]">&gt;&gt;</a>&nbsp;&nbsp;&nbsp;main
</UL>

<P><STRONG><a name="[55]"></a>MF_Config_Init</STRONG> (Thumb, 2 bytes, Stack size 0 bytes, mf_config.o(i.MF_Config_Init))
<BR><BR>[Called By]<UL><LI><a href="#[37]">&gt;&gt;</a>&nbsp;&nbsp;&nbsp;main
</UL>

<P><STRONG><a name="[54]"></a>MF_SystemClock_Config</STRONG> (Thumb, 2 bytes, Stack size 0 bytes, mf_config.o(i.MF_SystemClock_Config))
<BR><BR>[Called By]<UL><LI><a href="#[37]">&gt;&gt;</a>&nbsp;&nbsp;&nbsp;main
</UL>

<P><STRONG><a name="[1f]"></a>MUX20_IRQHandler</STRONG> (Thumb, 8 bytes, Stack size 4 bytes, lptim16.o(i.MUX20_IRQHandler))
<BR><BR>[Stack]<UL><LI>Max Depth = 4<LI>Call Chain = MUX20_IRQHandler
</UL>
<BR>[Calls]<UL><LI><a href="#[4f]">&gt;&gt;</a>&nbsp;&nbsp;&nbsp;LPTIM_IRQHandler
</UL>
<BR>[Address Reference Count : 1]<UL><LI> startup_fm33fh0xx.o(RESET)
</UL>
<P><STRONG><a name="[50]"></a>SystemCoreClockUpdate</STRONG> (Thumb, 146 bytes, Stack size 16 bytes, system_fm33fh0xx.o(i.SystemCoreClockUpdate))
<BR><BR>[Stack]<UL><LI>Max Depth = 32<LI>Call Chain = SystemCoreClockUpdate &rArr; SystemPLLClockUpdate &rArr; __ARM_common_switch8
</UL>
<BR>[Calls]<UL><LI><a href="#[51]">&gt;&gt;</a>&nbsp;&nbsp;&nbsp;__ARM_common_switch8
<LI><a href="#[52]">&gt;&gt;</a>&nbsp;&nbsp;&nbsp;SystemPLLClockUpdate
</UL>
<BR>[Called By]<UL><LI><a href="#[2b]">&gt;&gt;</a>&nbsp;&nbsp;&nbsp;SystemInit
</UL>

<P><STRONG><a name="[2b]"></a>SystemInit</STRONG> (Thumb, 172 bytes, Stack size 24 bytes, system_fm33fh0xx.o(i.SystemInit))
<BR><BR>[Stack]<UL><LI>Max Depth = 56<LI>Call Chain = SystemInit &rArr; SystemCoreClockUpdate &rArr; SystemPLLClockUpdate &rArr; __ARM_common_switch8
</UL>
<BR>[Calls]<UL><LI><a href="#[50]">&gt;&gt;</a>&nbsp;&nbsp;&nbsp;SystemCoreClockUpdate
</UL>
<BR>[Address Reference Count : 1]<UL><LI> startup_fm33fh0xx.o(.text)
</UL>
<P><STRONG><a name="[51]"></a>__ARM_common_switch8</STRONG> (Thumb, 26 bytes, Stack size 8 bytes, system_fm33fh0xx.o(i.__ARM_common_switch8))
<BR><BR>[Stack]<UL><LI>Max Depth = 8<LI>Call Chain = __ARM_common_switch8
</UL>
<BR>[Called By]<UL><LI><a href="#[50]">&gt;&gt;</a>&nbsp;&nbsp;&nbsp;SystemCoreClockUpdate
<LI><a href="#[52]">&gt;&gt;</a>&nbsp;&nbsp;&nbsp;SystemPLLClockUpdate
</UL>

<P><STRONG><a name="[37]"></a>main</STRONG> (Thumb, 36 bytes, Stack size 0 bytes, main.o(i.main))
<BR><BR>[Stack]<UL><LI>Max Depth = 68<LI>Call Chain = main &rArr; LPTIM16_TIMER_Init &rArr; FL_LPTIM16_Init
</UL>
<BR>[Calls]<UL><LI><a href="#[4a]">&gt;&gt;</a>&nbsp;&nbsp;&nbsp;LPTIM16_TIMER_Init
<LI><a href="#[56]">&gt;&gt;</a>&nbsp;&nbsp;&nbsp;LPTIM16_Start
<LI><a href="#[57]">&gt;&gt;</a>&nbsp;&nbsp;&nbsp;IWDT_Clr
<LI><a href="#[48]">&gt;&gt;</a>&nbsp;&nbsp;&nbsp;FL_Init
<LI><a href="#[45]">&gt;&gt;</a>&nbsp;&nbsp;&nbsp;FL_DelayMs
<LI><a href="#[54]">&gt;&gt;</a>&nbsp;&nbsp;&nbsp;MF_SystemClock_Config
<LI><a href="#[55]">&gt;&gt;</a>&nbsp;&nbsp;&nbsp;MF_Config_Init
<LI><a href="#[53]">&gt;&gt;</a>&nbsp;&nbsp;&nbsp;MF_Clock_Init
</UL>
<BR>[Called By]<UL><LI><a href="#[36]">&gt;&gt;</a>&nbsp;&nbsp;&nbsp;__rt_entry_main
</UL>
<P>
<H3>
Local Symbols
</H3>
<P><STRONG><a name="[52]"></a>SystemPLLClockUpdate</STRONG> (Thumb, 128 bytes, Stack size 8 bytes, system_fm33fh0xx.o(i.SystemPLLClockUpdate))
<BR><BR>[Stack]<UL><LI>Max Depth = 16<LI>Call Chain = SystemPLLClockUpdate &rArr; __ARM_common_switch8
</UL>
<BR>[Calls]<UL><LI><a href="#[51]">&gt;&gt;</a>&nbsp;&nbsp;&nbsp;__ARM_common_switch8
<LI><a href="#[47]">&gt;&gt;</a>&nbsp;&nbsp;&nbsp;__aeabi_uidivmod
</UL>
<BR>[Called By]<UL><LI><a href="#[50]">&gt;&gt;</a>&nbsp;&nbsp;&nbsp;SystemCoreClockUpdate
</UL>
<P>
<H3>
Undefined Global Symbols
</H3>
<P><STRONG><a name="[43]"></a>_call_atexit_fns</STRONG> (ARM, 0 bytes, Stack size 0 bytes, UNDEFINED)
<BR><BR>[Called By]<UL><LI><a href="#[38]">&gt;&gt;</a>&nbsp;&nbsp;&nbsp;exit
</UL>
<HR></body></html>
